Component: ARM Compiler 5.06 update 4 (build 422) Tool: armlink [4d35d2]

==============================================================================

Section Cross References

    startup_stm32g431xx.o(STACK) refers (Special) to heapauxi.o(.text) for __use_two_region_memory
    startup_stm32g431xx.o(HEAP) refers (Special) to heapauxi.o(.text) for __use_two_region_memory
    startup_stm32g431xx.o(RESET) refers (Special) to heapauxi.o(.text) for __use_two_region_memory
    startup_stm32g431xx.o(RESET) refers to startup_stm32g431xx.o(STACK) for __initial_sp
    startup_stm32g431xx.o(RESET) refers to startup_stm32g431xx.o(.text) for Reset_Handler
    startup_stm32g431xx.o(RESET) refers to stm32g4xx_it.o(i.NMI_Handler) for NMI_Handler
    startup_stm32g431xx.o(RESET) refers to stm32g4xx_it.o(i.HardFault_Handler) for HardFault_Handler
    startup_stm32g431xx.o(RESET) refers to stm32g4xx_it.o(i.MemManage_Handler) for MemManage_Handler
    startup_stm32g431xx.o(RESET) refers to stm32g4xx_it.o(i.BusFault_Handler) for BusFault_Handler
    startup_stm32g431xx.o(RESET) refers to stm32g4xx_it.o(i.UsageFault_Handler) for UsageFault_Handler
    startup_stm32g431xx.o(RESET) refers to stm32g4xx_it.o(i.SVC_Handler) for SVC_Handler
    startup_stm32g431xx.o(RESET) refers to stm32g4xx_it.o(i.DebugMon_Handler) for DebugMon_Handler
    startup_stm32g431xx.o(RESET) refers to stm32g4xx_it.o(i.PendSV_Handler) for PendSV_Handler
    startup_stm32g431xx.o(RESET) refers to stm32g4xx_it.o(i.SysTick_Handler) for SysTick_Handler
    startup_stm32g431xx.o(RESET) refers to stm32g4xx_it.o(i.TIM2_IRQHandler) for TIM2_IRQHandler
    startup_stm32g431xx.o(RESET) refers to stm32g4xx_it.o(i.TIM3_IRQHandler) for TIM3_IRQHandler
    startup_stm32g431xx.o(.text) refers (Special) to heapauxi.o(.text) for __use_two_region_memory
    startup_stm32g431xx.o(.text) refers to system_stm32g4xx.o(i.SystemInit) for SystemInit
    startup_stm32g431xx.o(.text) refers to __main.o(!!!main) for __main
    startup_stm32g431xx.o(.text) refers to startup_stm32g431xx.o(HEAP) for Heap_Mem
    startup_stm32g431xx.o(.text) refers to startup_stm32g431xx.o(STACK) for Stack_Mem
    main.o(i.SystemClock_Config) refers to rt_memclr_w.o(.text) for __aeabi_memclr4
    main.o(i.SystemClock_Config) refers to stm32g4xx_hal_pwr_ex.o(i.HAL_PWREx_ControlVoltageScaling) for HAL_PWREx_ControlVoltageScaling
    main.o(i.SystemClock_Config) refers to stm32g4xx_hal_rcc.o(i.HAL_RCC_OscConfig) for HAL_RCC_OscConfig
    main.o(i.SystemClock_Config) refers to main.o(i.Error_Handler) for Error_Handler
    main.o(i.SystemClock_Config) refers to stm32g4xx_hal_rcc.o(i.HAL_RCC_ClockConfig) for HAL_RCC_ClockConfig
    main.o(i.main) refers to stm32g4xx_hal.o(i.HAL_Init) for HAL_Init
    main.o(i.main) refers to main.o(i.SystemClock_Config) for SystemClock_Config
    main.o(i.main) refers to gpio.o(i.MX_GPIO_Init) for MX_GPIO_Init
    main.o(i.main) refers to adc.o(i.MX_ADC2_Init) for MX_ADC2_Init
    main.o(i.main) refers to tim.o(i.MX_TIM3_Init) for MX_TIM3_Init
    main.o(i.main) refers to tim.o(i.MX_TIM2_Init) for MX_TIM2_Init
    main.o(i.main) refers to lcd.o(i.LCD_Init) for LCD_Init
    main.o(i.main) refers to lcd.o(i.LCD_Clear) for LCD_Clear
    main.o(i.main) refers to lcd.o(i.LCD_SetBackColor) for LCD_SetBackColor
    main.o(i.main) refers to lcd.o(i.LCD_SetTextColor) for LCD_SetTextColor
    main.o(i.main) refers to led.o(i.led_dsp) for led_dsp
    main.o(i.main) refers to stm32g4xx_hal_tim.o(i.HAL_TIM_PWM_Start) for HAL_TIM_PWM_Start
    main.o(i.main) refers to stm32g4xx_hal_tim.o(i.HAL_TIM_IC_Start) for HAL_TIM_IC_Start
    main.o(i.main) refers to stm32g4xx_hal_tim.o(i.HAL_TIM_IC_Start_IT) for HAL_TIM_IC_Start_IT
    main.o(i.main) refers to key.o(i.calculate) for calculate
    main.o(i.main) refers to key.o(i.key_proc) for key_proc
    main.o(i.main) refers to key.o(i.lcd_proc) for lcd_proc
    main.o(i.main) refers to tim.o(.bss) for htim2
    gpio.o(i.MX_GPIO_Init) refers to rt_memclr_w.o(.text) for __aeabi_memclr4
    gpio.o(i.MX_GPIO_Init) refers to stm32g4xx_hal_gpio.o(i.HAL_GPIO_WritePin) for HAL_GPIO_WritePin
    gpio.o(i.MX_GPIO_Init) refers to stm32g4xx_hal_gpio.o(i.HAL_GPIO_Init) for HAL_GPIO_Init
    adc.o(i.HAL_ADC_MspDeInit) refers to stm32g4xx_hal_gpio.o(i.HAL_GPIO_DeInit) for HAL_GPIO_DeInit
    adc.o(i.HAL_ADC_MspInit) refers to rt_memclr_w.o(.text) for __aeabi_memclr4
    adc.o(i.HAL_ADC_MspInit) refers to stm32g4xx_hal_rcc_ex.o(i.HAL_RCCEx_PeriphCLKConfig) for HAL_RCCEx_PeriphCLKConfig
    adc.o(i.HAL_ADC_MspInit) refers to main.o(i.Error_Handler) for Error_Handler
    adc.o(i.HAL_ADC_MspInit) refers to stm32g4xx_hal_gpio.o(i.HAL_GPIO_Init) for HAL_GPIO_Init
    adc.o(i.MX_ADC2_Init) refers to rt_memclr_w.o(.text) for __aeabi_memclr4
    adc.o(i.MX_ADC2_Init) refers to stm32g4xx_hal_adc.o(i.HAL_ADC_Init) for HAL_ADC_Init
    adc.o(i.MX_ADC2_Init) refers to main.o(i.Error_Handler) for Error_Handler
[...]
    i.HAL_RCC_ClockConfig                    0x08002724   Section        0  stm32g4xx_hal_rcc.o(i.HAL_RCC_ClockConfig)
    i.HAL_RCC_GetSysClockFreq                0x08002948   Section        0  stm32g4xx_hal_rcc.o(i.HAL_RCC_GetSysClockFreq)
    i.HAL_RCC_OscConfig                      0x080029e0   Section        0  stm32g4xx_hal_rcc.o(i.HAL_RCC_OscConfig)
    i.HAL_SYSTICK_Config                     0x08002f3c   Section        0  stm32g4xx_hal_cortex.o(i.HAL_SYSTICK_Config)
    i.HAL_TIMEx_Break2Callback               0x08002f70   Section        0  stm32g4xx_hal_tim_ex.o(i.HAL_TIMEx_Break2Callback)
    i.HAL_TIMEx_BreakCallback                0x08002f72   Section        0  stm32g4xx_hal_tim_ex.o(i.HAL_TIMEx_BreakCallback)
    i.HAL_TIMEx_CommutCallback               0x08002f74   Section        0  stm32g4xx_hal_tim_ex.o(i.HAL_TIMEx_CommutCallback)
    i.HAL_TIMEx_DirectionChangeCallback      0x08002f76   Section        0  stm32g4xx_hal_tim_ex.o(i.HAL_TIMEx_DirectionChangeCallback)
    i.HAL_TIMEx_EncoderIndexCallback         0x08002f78   Section        0  stm32g4xx_hal_tim_ex.o(i.HAL_TIMEx_EncoderIndexCallback)
    i.HAL_TIMEx_IndexErrorCallback           0x08002f7a   Section        0  stm32g4xx_hal_tim_ex.o(i.HAL_TIMEx_IndexErrorCallback)
    i.HAL_TIMEx_MasterConfigSynchronization  0x08002f7c   Section        0  stm32g4xx_hal_tim_ex.o(i.HAL_TIMEx_MasterConfigSynchronization)
    i.HAL_TIMEx_TransitionErrorCallback      0x08003034   Section        0  stm32g4xx_hal_tim_ex.o(i.HAL_TIMEx_TransitionErrorCallback)
    i.HAL_TIM_Base_Init                      0x08003036   Section        0  stm32g4xx_hal_tim.o(i.HAL_TIM_Base_Init)
    i.HAL_TIM_Base_MspInit                   0x080030a4   Section        0  tim.o(i.HAL_TIM_Base_MspInit)
    i.HAL_TIM_ConfigClockSource              0x08003160   Section        0  stm32g4xx_hal_tim.o(i.HAL_TIM_ConfigClockSource)
    i.HAL_TIM_IC_CaptureCallback             0x08003294   Section        0  key.o(i.HAL_TIM_IC_CaptureCallback)
    i.HAL_TIM_IC_ConfigChannel               0x0800333c   Section        0  stm32g4xx_hal_tim.o(i.HAL_TIM_IC_ConfigChannel)
    i.HAL_TIM_IC_Init                        0x0800341a   Section        0  stm32g4xx_hal_tim.o(i.HAL_TIM_IC_Init)
    i.HAL_TIM_IC_MspInit                     0x08003488   Section        0  stm32g4xx_hal_tim.o(i.HAL_TIM_IC_MspInit)
    i.HAL_TIM_IC_Start                       0x0800348c   Section        0  stm32g4xx_hal_tim.o(i.HAL_TIM_IC_Start)
    i.HAL_TIM_IC_Start_IT                    0x080035e8   Section        0  stm32g4xx_hal_tim.o(i.HAL_TIM_IC_Start_IT)
    i.HAL_TIM_IRQHandler                     0x08003798   Section        0  stm32g4xx_hal_tim.o(i.HAL_TIM_IRQHandler)
    i.HAL_TIM_MspPostInit                    0x080039b8   Section        0  tim.o(i.HAL_TIM_MspPostInit)
    i.HAL_TIM_OC_DelayElapsedCallback        0x08003a0c   Section        0  stm32g4xx_hal_tim.o(i.HAL_TIM_OC_DelayElapsedCallback)
    i.HAL_TIM_PWM_ConfigChannel              0x08003a0e   Section        0  stm32g4xx_hal_tim.o(i.HAL_TIM_PWM_ConfigChannel)
    i.HAL_TIM_PWM_Init                       0x08003b7e   Section        0  stm32g4xx_hal_tim.o(i.HAL_TIM_PWM_Init)
    i.HAL_TIM_PWM_MspInit                    0x08003bec   Section        0  stm32g4xx_hal_tim.o(i.HAL_TIM_PWM_MspInit)
    i.HAL_TIM_PWM_PulseFinishedCallback      0x08003bee   Section        0  stm32g4xx_hal_tim.o(i.HAL_TIM_PWM_PulseFinishedCallback)
    i.HAL_TIM_PWM_Start                      0x08003bf0   Section        0  stm32g4xx_hal_tim.o(i.HAL_TIM_PWM_Start)
    i.HAL_TIM_PeriodElapsedCallback          0x08003d3c   Section        0  stm32g4xx_hal_tim.o(i.HAL_TIM_PeriodElapsedCallback)
    i.HAL_TIM_ReadCapturedValue              0x08003d3e   Section        0  stm32g4xx_hal_tim.o(i.HAL_TIM_ReadCapturedValue)
    i.HAL_TIM_TriggerCallback                0x08003d70   Section        0  stm32g4xx_hal_tim.o(i.HAL_TIM_TriggerCallback)
    i.HardFault_Handler                      0x08003d72   Section        0  stm32g4xx_it.o(i.HardFault_Handler)
    i.LCD_BusIn                              0x08003d78   Section        0  lcd.o(i.LCD_BusIn)
    i.LCD_BusOut                             0x08003da8   Section        0  lcd.o(i.LCD_BusOut)
    i.LCD_Clear                              0x08003dd8   Section        0  lcd.o(i.LCD_Clear)
    i.LCD_CtrlLinesConfig                    0x08003e00   Section        0  lcd.o(i.LCD_CtrlLinesConfig)
    i.LCD_DisplayChar                        0x08003ec0   Section        0  lcd.o(i.LCD_DisplayChar)
    i.LCD_DisplayStringLine                  0x08003ee8   Section        0  lcd.o(i.LCD_DisplayStringLine)
    i.LCD_DrawChar                           0x08003f14   Section        0  lcd.o(i.LCD_DrawChar)
    i.LCD_Init                               0x08003f80   Section        0  lcd.o(i.LCD_Init)
    i.LCD_ReadReg                            0x08003fb8   Section        0  lcd.o(i.LCD_ReadReg)
    i.LCD_SetBackColor                       0x08004064   Section        0  lcd.o(i.LCD_SetBackColor)
    i.LCD_SetCursor                          0x08004074   Section        0  lcd.o(i.LCD_SetCursor)
    i.LCD_SetTextColor                       0x0800408c   Section        0  lcd.o(i.LCD_SetTextColor)
    i.LCD_WriteRAM                           0x0800409c   Section        0  lcd.o(i.LCD_WriteRAM)
    i.LCD_WriteRAM_Prepare                   0x08004114   Section        0  lcd.o(i.LCD_WriteRAM_Prepare)
    i.LCD_WriteReg                           0x0800418c   Section        0  lcd.o(i.LCD_WriteReg)
    i.LL_ADC_Enable                          0x0800421c   Section        0  stm32g4xx_hal_adc.o(i.LL_ADC_Enable)
    LL_ADC_Enable                            0x0800421d   Thumb Code    12  stm32g4xx_hal_adc.o(i.LL_ADC_Enable)
    i.LL_ADC_GetMultimode                    0x0800422c   Section        0  stm32g4xx_hal_adc.o(i.LL_ADC_GetMultimode)
    LL_ADC_GetMultimode                      0x0800422d   Thumb Code    10  stm32g4xx_hal_adc.o(i.LL_ADC_GetMultimode)
    i.LL_ADC_GetOffsetChannel                0x08004236   Section        0  stm32g4xx_hal_adc.o(i.LL_ADC_GetOffsetChannel)
    LL_ADC_GetOffsetChannel                  0x08004237   Thumb Code    18  stm32g4xx_hal_adc.o(i.LL_ADC_GetOffsetChannel)
    i.LL_ADC_INJ_IsConversionOngoing         0x08004248   Section        0  stm32g4xx_hal_adc.o(i.LL_ADC_INJ_IsConversionOngoing)
    LL_ADC_INJ_IsConversionOngoing           0x08004249   Thumb Code    10  stm32g4xx_hal_adc.o(i.LL_ADC_INJ_IsConversionOngoing)
    i.LL_ADC_IsEnabled                       0x08004252   Section        0  stm32g4xx_hal_adc.o(i.LL_ADC_IsEnabled)
    LL_ADC_IsEnabled                         0x08004253   Thumb Code    10  stm32g4xx_hal_adc.o(i.LL_ADC_IsEnabled)
    i.LL_ADC_IsInternalRegulatorEnabled      0x0800425c   Section        0  stm32g4xx_hal_adc.o(i.LL_ADC_IsInternalRegulatorEnabled)
    LL_ADC_IsInternalRegulatorEnabled        0x0800425d   Thumb Code    10  stm32g4xx_hal_adc.o(i.LL_ADC_IsInternalRegulatorEnabled)
    i.LL_ADC_REG_IsConversionOngoing         0x08004266   Section        0  stm32g4xx_hal_adc.o(i.LL_ADC_REG_IsConversionOngoing)
    LL_ADC_REG_IsConversionOngoing           0x08004267   Thumb Code    10  stm32g4xx_hal_adc.o(i.LL_ADC_REG_IsConversionOngoing)
    i.LL_ADC_REG_StartConversion             0x08004270   Section        0  stm32g4xx_hal_adc.o(i.LL_ADC_REG_StartConversion)
    LL_ADC_REG_StartConversion               0x08004271   Thumb Code    12  stm32g4xx_hal_adc.o(i.LL_ADC_REG_StartConversion)
    i.LL_ADC_SetChannelSamplingTime          0x08004280   Section        0  stm32g4xx_hal_adc.o(i.LL_ADC_SetChannelSamplingTime)
    LL_ADC_SetChannelSamplingTime            0x08004281   Thumb Code    40  stm32g4xx_hal_adc.o(i.LL_ADC_SetChannelSamplingTime)
    i.LL_ADC_SetCommonPathInternalCh         0x080042a8   Section        0  stm32g4xx_hal_adc.o(i.LL_ADC_SetCommonPathInternalCh)
    LL_ADC_SetCommonPathInternalCh           0x080042a9   Thumb Code    12  stm32g4xx_hal_adc.o(i.LL_ADC_SetCommonPathInternalCh)
    i.LL_ADC_SetOffsetState                  0x080042b4   Section        0  stm32g4xx_hal_adc.o(i.LL_ADC_SetOffsetState)
    LL_ADC_SetOffsetState                    0x080042b5   Thumb Code    22  stm32g4xx_hal_adc.o(i.LL_ADC_SetOffsetState)
    i.LL_ADC_SetSamplingTimeCommonConfig     0x080042ca   Section        0  stm32g4xx_hal_adc.o(i.LL_ADC_SetSamplingTimeCommonConfig)
    LL_ADC_SetSamplingTimeCommonConfig       0x080042cb   Thumb Code    12  stm32g4xx_hal_adc.o(i.LL_ADC_SetSamplingTimeCommonConfig)
    i.MX_ADC2_Init                           0x080042d8   Section        0  adc.o(i.MX_ADC2_Init)
    i.MX_GPIO_Init                           0x0800435c   Section        0  gpio.o(i.MX_GPIO_Init)
    i.MX_TIM2_Init                           0x0800446c   Section        0  tim.o(i.MX_TIM2_Init)
    i.MX_TIM3_Init                           0x08004510   Section        0  tim.o(i.MX_TIM3_Init)
    i.MemManage_Handler                      0x080045c8   Section        0  stm32g4xx_it.o(i.MemManage_Handler)
    i.NMI_Handler                            0x080045cc   Section        0  stm32g4xx_it.o(i.NMI_Handler)
    i.PendSV_Handler                         0x080045d0   Section        0  stm32g4xx_it.o(i.PendSV_Handler)
    i.RCC_GetSysClockFreqFromPLLSource       0x080045d4   Section        0  stm32g4xx_hal_rcc.o(i.RCC_GetSysClockFreqFromPLLSource)
    RCC_GetSysClockFreqFromPLLSource         0x080045d5   Thumb Code    90  stm32g4xx_hal_rcc.o(i.RCC_GetSysClockFreqFromPLLSource)
    i.REG_8230_Init                          0x0800463c   Section        0  lcd.o(i.REG_8230_Init)
    i.REG_932X_Init                          0x0800475c   Section        0  lcd.o(i.REG_932X_Init)
    i.SVC_Handler                            0x0800495c   Section        0  stm32g4xx_it.o(i.SVC_Handler)
    i.SysTick_Handler                        0x0800495e   Section        0  stm32g4xx_it.o(i.SysTick_Handler)
    i.SystemClock_Config                     0x08004966   Section        0  main.o(i.SystemClock_Config)
    i.SystemInit                             0x080049d0   Section        0  system_stm32g4xx.o(i.SystemInit)
    i.TIM2_IRQHandler                        0x080049e4   Section        0  stm32g4xx_it.o(i.TIM2_IRQHandler)
    i.TIM3_IRQHandler                        0x080049f4   Section        0  stm32g4xx_it.o(i.TIM3_IRQHandler)
    i.TIM_Base_SetConfig                     0x08004a04   Section        0  stm32g4xx_hal_tim.o(i.TIM_Base_SetConfig)
    i.TIM_CCxChannelCmd                      0x08004ad0   Section        0  stm32g4xx_hal_tim.o(i.TIM_CCxChannelCmd)
    i.TIM_ETR_SetConfig                      0x08004af2   Section        0  stm32g4xx_hal_tim.o(i.TIM_ETR_SetConfig)
    i.TIM_ITRx_SetConfig                     0x08004b08   Section        0  stm32g4xx_hal_tim.o(i.TIM_ITRx_SetConfig)
    TIM_ITRx_SetConfig                       0x08004b09   Thumb Code    18  stm32g4xx_hal_tim.o(i.TIM_ITRx_SetConfig)
    i.TIM_OC1_SetConfig                      0x08004b20   Section        0  stm32g4xx_hal_tim.o(i.TIM_OC1_SetConfig)
    TIM_OC1_SetConfig                        0x08004b21   Thumb Code   146  stm32g4xx_hal_tim.o(i.TIM_OC1_SetConfig)
    i.TIM_OC2_SetConfig                      0x08004bcc   Section        0  stm32g4xx_hal_tim.o(i.TIM_OC2_SetConfig)
    i.TIM_OC3_SetConfig                      0x08004c80   Section        0  stm32g4xx_hal_tim.o(i.TIM_OC3_SetConfig)
    TIM_OC3_SetConfig                        0x08004c81   Thumb Code   154  stm32g4xx_hal_tim.o(i.TIM_OC3_SetConfig)
    i.TIM_OC4_SetConfig                      0x08004d34   Section        0  stm32g4xx_hal_tim.o(i.TIM_OC4_SetConfig)
    TIM_OC4_SetConfig                        0x08004d35   Thumb Code   156  stm32g4xx_hal_tim.o(i.TIM_OC4_SetConfig)
    i.TIM_OC5_SetConfig                      0x08004de8   Section        0  stm32g4xx_hal_tim.o(i.TIM_OC5_SetConfig)
    TIM_OC5_SetConfig                        0x08004de9   Thumb Code    86  stm32g4xx_hal_tim.o(i.TIM_OC5_SetConfig)
    i.TIM_OC6_SetConfig                      0x08004e58   Section        0  stm32g4xx_hal_tim.o(i.TIM_OC6_SetConfig)
    TIM_OC6_SetConfig                        0x08004e59   Thumb Code    88  stm32g4xx_hal_tim.o(i.TIM_OC6_SetConfig)
    i.TIM_TI1_ConfigInputStage               0x08004ec8   Section        0  stm32g4xx_hal_tim.o(i.TIM_TI1_ConfigInputStage)
    TIM_TI1_ConfigInputStage                 0x08004ec9   Thumb Code    38  stm32g4xx_hal_tim.o(i.TIM_TI1_ConfigInputStage)
    i.TIM_TI1_SetConfig                      0x08004ef0   Section        0  stm32g4xx_hal_tim.o(i.TIM_TI1_SetConfig)
    i.TIM_TI2_ConfigInputStage               0x08004f6c   Section        0  stm32g4xx_hal_tim.o(i.TIM_TI2_ConfigInputStage)
    TIM_TI2_ConfigInputStage                 0x08004f6d   Thumb Code    40  stm32g4xx_hal_tim.o(i.TIM_TI2_ConfigInputStage)
    i.TIM_TI2_SetConfig                      0x08004f94   Section        0  stm32g4xx_hal_tim.o(i.TIM_TI2_SetConfig)
    TIM_TI2_SetConfig                        0x08004f95   Thumb Code    58  stm32g4xx_hal_tim.o(i.TIM_TI2_SetConfig)
    i.TIM_TI3_SetConfig                      0x08004fce   Section        0  stm32g4xx_hal_tim.o(i.TIM_TI3_SetConfig)
    TIM_TI3_SetConfig                        0x08004fcf   Thumb Code    56  stm32g4xx_hal_tim.o(i.TIM_TI3_SetConfig)
    i.TIM_TI4_SetConfig                      0x08005006   Section        0  stm32g4xx_hal_tim.o(i.TIM_TI4_SetConfig)
    TIM_TI4_SetConfig                        0x08005007   Thumb Code    60  stm32g4xx_hal_tim.o(i.TIM_TI4_SetConfig)
    i.UsageFault_Handler                     0x08005042   Section        0  stm32g4xx_it.o(i.UsageFault_Handler)
    i.__ARM_fpclassify                       0x08005046   Section        0  fpclassify.o(i.__ARM_fpclassify)
    i.__NVIC_GetPriorityGrouping             0x08005078   Section        0  stm32g4xx_hal_cortex.o(i.__NVIC_GetPriorityGrouping)
    __NVIC_GetPriorityGrouping               0x08005079   Thumb Code    10  stm32g4xx_hal_cortex.o(i.__NVIC_GetPriorityGrouping)
    i.__NVIC_SetPriority                     0x08005088   Section        0  stm32g4xx_hal_cortex.o(i.__NVIC_SetPriority)
    __NVIC_SetPriority                       0x08005089   Thumb Code    32  stm32g4xx_hal_cortex.o(i.__NVIC_SetPriority)
    i._is_digit                              0x080050b0   Section        0  __printf_wp.o(i._is_digit)
    i.calculate                              0x080050c0   Section        0  key.o(i.calculate)
    i.get_adc                                0x08005404   Section        0  key.o(i.get_adc)
    i.key_proc                               0x08005460   Section        0  key.o(i.key_proc)
    i.key_scan                               0x08005690   Section        0  key.o(i.key_scan)
    i.lcd_proc                               0x080056cc   Section        0  key.o(i.lcd_proc)
    i.led_buling                             0x080059fc   Section        0  led.o(i.led_buling)
    i.led_dsp                                0x08005a80   Section        0  led.o(i.led_dsp)
    i.main                                   0x08005ab8   Section        0  main.o(i.main)
    locale$$code                             0x08005b20   Section       44  lc_numeric_c.o(locale$$code)
    x$fpl$d2f                                0x08005b4c   Section       98  d2f.o(x$fpl$d2f)
    $v0                                      0x08005b4c   Number         0  d2f.o(x$fpl$d2f)
    x$fpl$dadd                               0x08005bb0   Section      336  daddsub_clz.o(x$fpl$dadd)
    $v0                                      0x08005bb0   Number         0  daddsub_clz.o(x$fpl$dadd)
    _dadd1                                   0x08005bc1   Thumb Code     0  daddsub_clz.o(x$fpl$dadd)
    x$fpl$ddiv                               0x08005d00   Section      688  ddiv.o(x$fpl$ddiv)
    $v0                                      0x08005d00   Number         0  ddiv.o(x$fpl$ddiv)
    ddiv_entry                               0x08005d07   Thumb Code     0  ddiv.o(x$fpl$ddiv)
    x$fpl$dflt                               0x08005fb0   Section       46  dflt_clz.o(x$fpl$dflt)
    $v0                                      0x08005fb0   Number         0  dflt_clz.o(x$fpl$dflt)
    x$fpl$dfltu                              0x08005fde   Section       38  dflt_clz.o(x$fpl$dfltu)
    $v0                                      0x08005fde   Number         0  dflt_clz.o(x$fpl$dfltu)
    x$fpl$dmul                               0x08006004   Section      340  dmul.o(x$fpl$dmul)
    $v0                                      0x08006004   Number         0  dmul.o(x$fpl$dmul)
    x$fpl$dnaninf                            0x08006158   Section      156  dnaninf.o(x$fpl$dnaninf)
    $v0                                      0x08006158   Number         0  dnaninf.o(x$fpl$dnaninf)
    x$fpl$dretinf                            0x080061f4   Section       12  dretinf.o(x$fpl$dretinf)
    $v0                                      0x080061f4   Number         0  dretinf.o(x$fpl$dretinf)
    x$fpl$dsub                               0x08006200   Section      468  daddsub_clz.o(x$fpl$dsub)
    $v0                                      0x08006200   Number         0  daddsub_clz.o(x$fpl$dsub)
    _dsub1                                   0x08006211   Thumb Code     0  daddsub_clz.o(x$fpl$dsub)
    x$fpl$f2d                                0x080063d4   Section       86  f2d.o(x$fpl$f2d)
    $v0                                      0x080063d4   Number         0  f2d.o(x$fpl$f2d)
    x$fpl$fnaninf                            0x0800642a   Section      140  fnaninf.o(x$fpl$fnaninf)
    $v0                                      0x0800642a   Number         0  fnaninf.o(x$fpl$fnaninf)
    x$fpl$fpinit                             0x080064b6   Section       10  fpinit.o(x$fpl$fpinit)
    $v0                                      0x080064b6   Number         0  fpinit.o(x$fpl$fpinit)
    x$fpl$fretinf                            0x080064c0   Section       10  fretinf.o(x$fpl$fretinf)
    $v0                                      0x080064c0   Number         0  fretinf.o(x$fpl$fretinf)
    x$fpl$printf1                            0x080064ca   Section        4  printf1.o(x$fpl$printf1)
    $v0                                      0x080064ca   Number         0  printf1.o(x$fpl$printf1)
    .constdata                               0x080064ce   Section       24  system_stm32g4xx.o(.constdata)
    x$fpl$usenofp                            0x080064ce   Section        0  usenofp.o(x$fpl$usenofp)
    .constdata                               0x080064e6   Section     4560  lcd.o(.constdata)
    .constdata                               0x080076b8   Section      148  bigflt0.o(.constdata)
    tenpwrs_x                                0x080076b8   Data          60  bigflt0.o(.constdata)
    tenpwrs_i                                0x080076f4   Data          64  bigflt0.o(.constdata)
    locale$$data                             0x0800776c   Section       28  lc_numeric_c.o(locale$$data)
    __lcnum_c_name                           0x08007770   Data           2  lc_numeric_c.o(locale$$data)
    __lcnum_c_start                          0x08007778   Data           0  lc_numeric_c.o(locale$$data)
    __lcnum_c_point                          0x08007784   Data           0  lc_numeric_c.o(locale$$data)
    __lcnum_c_thousands                      0x08007786   Data           0  lc_numeric_c.o(locale$$data)
    __lcnum_c_grouping                       0x08007787   Data           0  lc_numeric_c.o(locale$$data)
    __lcnum_c_end                            0x08007788   Data           0  lc_numeric_c.o(locale$$data)
    .data                                    0x20000000   Section       12  stm32g4xx_hal.o(.data)
    .data                                    0x2000000c   Section        4  system_stm32g4xx.o(.data)
    .data                                    0x20000010   Section       88  key.o(.data)
    i                                        0x20000064   Data           4  key.o(.data)
    .data                                    0x20000068   Section        6  lcd.o(.data)
    TextColor                                0x20000068   Data           2  lcd.o(.data)
    BackColor                                0x2000006a   Data           2  lcd.o(.data)
    .data                                    0x20000070   Section       12  led.o(.data)
    j                                        0x20000074   Data           4  led.o(.data)
    i                                        0x20000078   Data           4  led.o(.data)
    .bss                                     0x2000007c   Section      108  adc.o(.bss)
    .bss                                     0x200000e8   Section      152  tim.o(.bss)
    .bss                                     0x20000180   Section       96  libspace.o(.bss)
    HEAP                                     0x200001e0   Section      512  startup_stm32g431xx.o(HEAP)
    Heap_Mem                                 0x200001e0   Data         512  startup_stm32g431xx.o(HEAP)
    STACK                                    0x200003e0   Section     1024  startup_stm32g431xx.o(STACK)
    Stack_Mem                                0x200003e0   Data        1024  startup_stm32g431xx.o(STACK)
    __initial_sp                             0x200007e0   Data           0  startup_stm32g431xx.o(STACK)

    Global Symbols

    Symbol Name                              Value     Ov Type        Size  Object(Section)

    BuildAttributes$$THM_ISAv4$E$P$D$K$B$S$7EM$VFPi3$EXTD16$VFPS$VFMA$PE$A:L22UL41UL21$X:L11$S22US41US21$IEEE1$IW$USESV6$~STKCKD$USESV7$~SHL$OTIME$ROPI$IEEEJ$EBA8$UX$STANDARDLIB$REQ8$PRES8$EABIv2 0x00000000   Number         0  anon$$obj.o ABSOLUTE
    __ARM_use_no_argv                        0x00000000   Number         0  main.o ABSOLUTE
    _printf_flags                            0x00000000   Number         0  printf_stubs.o ABSOLUTE
    _printf_return_value                     0x00000000   Number         0  printf_stubs.o ABSOLUTE
    _printf_sizespec                         0x00000000   Number         0  printf_stubs.o ABSOLUTE
    _printf_widthprec                        0x00000000   Number         0  printf_stubs.o ABSOLUTE
    __ARM_exceptions_init                     - Undefined Weak Reference
    __alloca_initialize                       - Undefined Weak Reference
    __arm_preinit_                            - Undefined Weak Reference
    __cpp_initialize__aeabi_                  - Undefined Weak Reference
    __cxa_finalize                            - Undefined Weak Reference
    __sigvec_lookup                           - Undefined Weak Reference
    _atexit_init                              - Undefined Weak Reference
    _call_atexit_fns                          - Undefined Weak Reference
    _clock_init                               - Undefined Weak Reference
    _fp_trap_init                             - Undefined Weak Reference
    _fp_trap_shutdown                         - Undefined Weak Reference
    _get_lc_collate                           - Undefined Weak Reference
    _get_lc_ctype                             - Undefined Weak Reference
    _get_lc_monetary                          - Undefined Weak Reference
    _get_lc_time                              - Undefined Weak Reference
    _getenv_init                              - Undefined Weak Reference
    _handle_redirection                       - Undefined Weak Reference
    _init_alloc                               - Undefined Weak Reference
    _init_user_alloc                          - Undefined Weak Reference
    _initio                                   - Undefined Weak Reference
    _printf_mbtowc                            - Undefined Weak Reference
    _printf_post_padding                      - Undefined Weak Reference
    _printf_pre_padding                       - Undefined Weak Reference
    _printf_truncate_signed                   - Undefined Weak Reference
    _printf_truncate_unsigned                 - Undefined Weak Reference
    _rand_init                                - Undefined Weak Reference
    _signal_finish                            - Undefined Weak Reference
    _signal_init                              - Undefined Weak Reference
    _terminate_alloc                          - Undefined Weak Reference
    _terminate_user_alloc                     - Undefined Weak Reference
    _terminateio                              - Undefined Weak Reference
    __Vectors_Size                           0x000001d8   Number         0  startup_stm32g431xx.o ABSOLUTE
    __Vectors                                0x08000000   Data           4  startup_stm32g431xx.o(RESET)
    __Vectors_End                            0x080001d8   Data           0  startup_stm32g431xx.o(RESET)
    __main                                   0x080001d9   Thumb Code     8  __main.o(!!!main)
    __scatterload                            0x080001e1   Thumb Code     0  __scatter.o(!!!scatter)
    __scatterload_rt2                        0x080001e1   Thumb Code    44  __scatter.o(!!!scatter)
    __scatterload_rt2_thumb_only             0x080001e1   Thumb Code     0  __scatter.o(!!!scatter)
    __scatterload_null                       0x080001ef   Thumb Code     0  __scatter.o(!!!scatter)
    __scatterload_copy                       0x08000215   Thumb Code    26  __scatter_copy.o(!!handler_copy)
    __scatterload_zeroinit                   0x08000231   Thumb Code    28  __scatter_zi.o(!!handler_zi)
    _printf_f                                0x0800024d   Thumb Code     0  _printf_f.o(.ARM.Collect$$_printf_percent$$00000003)
    _printf_percent                          0x0800024d   Thumb Code     0  _printf_percent.o(.ARM.Collect$$_printf_percent$$00000000)
    _printf_d                                0x08000253   Thumb Code     0  _printf_d.o(.ARM.Collect$$_printf_percent$$00000009)
    _printf_c                                0x08000259   Thumb Code     0  _printf_c.o(.ARM.Collect$$_printf_percent$$00000013)
    _printf_percent_end                      0x0800025f   Thumb Code     0  _printf_percent_end.o(.ARM.Collect$$_printf_percent$$00000017)
    __rt_lib_init                            0x08000263   Thumb Code     0  libinit.o(.ARM.Collect$$libinit$$00000000)
    __rt_lib_init_fp_1                       0x08000265   Thumb Code     0  libinit2.o(.ARM.Collect$$libinit$$00000001)
    __rt_lib_init_heap_1                     0x08000269   Thumb Code     0  libinit2.o(.ARM.Collect$$libinit$$0000000A)
    __rt_lib_init_lc_common                  0x08000269   Thumb Code     0  libinit2.o(.ARM.Collect$$libinit$$0000000F)
    __rt_lib_init_preinit_1                  0x08000269   Thumb Code     0  libinit2.o(.ARM.Collect$$libinit$$00000004)
    __rt_lib_init_rand_1                     0x08000269   Thumb Code     0  libinit2.o(.ARM.Collect$$libinit$$0000000E)
    __rt_lib_init_user_alloc_1               0x08000269   Thumb Code     0  libinit2.o(.ARM.Collect$$libinit$$0000000C)
    __rt_lib_init_lc_collate_1               0x0800026f   Thumb Code     0  libinit2.o(.ARM.Collect$$libinit$$00000011)
    __rt_lib_init_lc_ctype_1                 0x0800026f   Thumb Code     0  libinit2.o(.ARM.Collect$$libinit$$00000013)
    __rt_lib_init_lc_monetary_1              0x0800026f   Thumb Code     0  libinit2.o(.ARM.Collect$$libinit$$00000015)
    __rt_lib_init_lc_numeric_2               0x0800026f   Thumb Code     0  libinit2.o(.ARM.Collect$$libinit$$00000016)
    __rt_lib_init_alloca_1                   0x08000279   Thumb Code     0  libinit2.o(.ARM.Collect$$libinit$$0000002E)
    __rt_lib_init_argv_1                     0x08000279   Thumb Code     0  libinit2.o(.ARM.Collect$$libinit$$0000002C)
    __rt_lib_init_atexit_1                   0x08000279   Thumb Code     0  libinit2.o(.ARM.Collect$$libinit$$0000001B)
    __rt_lib_init_clock_1                    0x08000279   Thumb Code     0  libinit2.o(.ARM.Collect$$libinit$$00000021)
    __rt_lib_init_cpp_1                      0x08000279   Thumb Code     0  libinit2.o(.ARM.Collect$$libinit$$00000032)
    __rt_lib_init_exceptions_1               0x08000279   Thumb Code     0  libinit2.o(.ARM.Collect$$libinit$$00000030)
    __rt_lib_init_fp_trap_1                  0x08000279   Thumb Code     0  libinit2.o(.ARM.Collect$$libinit$$0000001F)
    __rt_lib_init_getenv_1                   0x08000279   Thumb Code     0  libinit2.o(.ARM.Collect$$libinit$$00000023)
    __rt_lib_init_lc_numeric_1               0x08000279   Thumb Code     0  libinit2.o(.ARM.Collect$$libinit$$00000017)
    __rt_lib_init_lc_time_1                  0x08000279   Thumb Code     0  libinit2.o(.ARM.Collect$$libinit$$00000019)
    __rt_lib_init_return                     0x08000279   Thumb Code     0  libinit2.o(.ARM.Collect$$libinit$$00000033)
    __rt_lib_init_signal_1                   0x08000279   Thumb Code     0  libinit2.o(.ARM.Collect$$libinit$$0000001D)
    __rt_lib_init_stdio_1                    0x08000279   Thumb Code     0  libinit2.o(.ARM.Collect$$libinit$$00000025)
    __rt_lib_shutdown                        0x0800027b   Thumb Code     0  libshutdown.o(.ARM.Collect$$libshutdown$$00000000)
    __rt_lib_shutdown_cpp_1                  0x0800027d   Thumb Code     0  libshutdown2.o(.ARM.Collect$$libshutdown$$00000002)
    __rt_lib_shutdown_fp_trap_1              0x0800027d   Thumb Code     0  libshutdown2.o(.ARM.Collect$$libshutdown$$00000007)
    __rt_lib_shutdown_heap_1                 0x0800027d   Thumb Code     0  libshutdown2.o(.ARM.Collect$$libshutdown$$0000000F)
    __rt_lib_shutdown_return                 0x0800027d   Thumb Code     0  libshutdown2.o(.ARM.Collect$$libshutdown$$00000010)
    __rt_lib_shutdown_signal_1               0x0800027d   Thumb Code     0  libshutdown2.o(.ARM.Collect$$libshutdown$$0000000A)
    __rt_lib_shutdown_stdio_1                0x0800027d   Thumb Code     0  libshutdown2.o(.ARM.Collect$$libshutdown$$00000004)
    __rt_lib_shutdown_user_alloc_1           0x0800027d   Thumb Code     0  libshutdown2.o(.ARM.Collect$$libshutdown$$0000000C)
    __rt_entry                               0x0800027f   Thumb Code     0  __rtentry.o(.ARM.Collect$$rtentry$$00000000)
    __rt_entry_presh_1                       0x0800027f   Thumb Code     0  __rtentry2.o(.ARM.Collect$$rtentry$$00000002)
    __rt_entry_sh                            0x0800027f   Thumb Code     0  __rtentry4.o(.ARM.Collect$$rtentry$$00000004)
    __rt_entry_li                            0x08000285   Thumb Code     0  __rtentry2.o(.ARM.Collect$$rtentry$$0000000A)
    __rt_entry_postsh_1                      0x08000285   Thumb Code     0  __rtentry2.o(.ARM.Collect$$rtentry$$00000009)
    __rt_entry_main                          0x08000289   Thumb Code     0  __rtentry2.o(.ARM.Collect$$rtentry$$0000000D)
    __rt_entry_postli_1                      0x08000289   Thumb Code     0  __rtentry2.o(.ARM.Collect$$rtentry$$0000000C)
    __rt_exit                                0x08000291   Thumb Code     0  rtexit.o(.ARM.Collect$$rtexit$$00000000)
    __rt_exit_ls                             0x08000293   Thumb Code     0  rtexit2.o(.ARM.Collect$$rtexit$$00000003)
    __rt_exit_prels_1                        0x08000293   Thumb Code     0  rtexit2.o(.ARM.Collect$$rtexit$$00000002)
    __rt_exit_exit                           0x08000297   Thumb Code     0  rtexit2.o(.ARM.Collect$$rtexit$$00000004)
    Reset_Handler                            0x0800029d   Thumb Code     8  startup_stm32g431xx.o(.text)
    ADC1_2_IRQHandler                        0x080002b7   Thumb Code     0  startup_stm32g431xx.o(.text)
    COMP1_2_3_IRQHandler                     0x080002b7   Thumb Code     0  startup_stm32g431xx.o(.text)
    COMP4_IRQHandler                         0x080002b7   Thumb Code     0  startup_stm32g431xx.o(.text)
    CORDIC_IRQHandler                        0x080002b7   Thumb Code     0  startup_stm32g431xx.o(.text)
    CRS_IRQHandler                           0x080002b7   Thumb Code     0  startup_stm32g431xx.o(.text)
    DMA1_Channel1_IRQHandler                 0x080002b7   Thumb Code     0  startup_stm32g431xx.o(.text)
    DMA1_Channel2_IRQHandler                 0x080002b7   Thumb Code     0  startup_stm32g431xx.o(.text)
    DMA1_Channel3_IRQHandler                 0x080002b7   Thumb Code     0  startup_stm32g431xx.o(.text)
    DMA1_Channel4_IRQHandler                 0x080002b7   Thumb Code     0  startup_stm32g431xx.o(.text)
    DMA1_Channel5_IRQHandler                 0x080002b7   Thumb Code     0  startup_stm32g431xx.o(.text)
    DMA1_Channel6_IRQHandler                 0x080002b7   Thumb Code     0  startup_stm32g431xx.o(.text)
    DMA2_Channel1_IRQHandler                 0x080002b7   Thumb Code     0  startup_stm32g431xx.o(.text)
    DMA2_Channel2_IRQHandler                 0x080002b7   Thumb Code     0  startup_stm32g431xx.o(.text)
    DMA2_Channel3_IRQHandler                 0x080002b7   Thumb Code     0  startup_stm32g431xx.o(.text)
    DMA2_Channel4_IRQHandler                 0x080002b7   Thumb Code     0  startup_stm32g431xx.o(.text)
    DMA2_Channel5_IRQHandler                 0x080002b7   Thumb Code     0  startup_stm32g431xx.o(.text)
    DMA2_Channel6_IRQHandler                 0x080002b7   Thumb Code     0  startup_stm32g431xx.o(.text)
    DMAMUX_OVR_IRQHandler                    0x080002b7   Thumb Code     0  startup_stm32g431xx.o(.text)
    EXTI0_IRQHandler                         0x080002b7   Thumb Code     0  startup_stm32g431xx.o(.text)
    EXTI15_10_IRQHandler                     0x080002b7   Thumb Code     0  startup_stm32g431xx.o(.text)
    EXTI1_IRQHandler                         0x080002b7   Thumb Code     0  startup_stm32g431xx.o(.text)
    EXTI2_IRQHandler                         0x080002b7   Thumb Code     0  startup_stm32g431xx.o(.text)
    EXTI3_IRQHandler                         0x080002b7   Thumb Code     0  startup_stm32g431xx.o(.text)
    EXTI4_IRQHandler                         0x080002b7   Thumb Code     0  startup_stm32g431xx.o(.text)
    EXTI9_5_IRQHandler                       0x080002b7   Thumb Code     0  startup_stm32g431xx.o(.text)
    FDCAN1_IT0_IRQHandler                    0x080002b7   Thumb Code     0  startup_stm32g431xx.o(.text)
    FDCAN1_IT1_IRQHandler                    0x080002b7   Thumb Code     0  startup_stm32g431xx.o(.text)
    FLASH_IRQHandler                         0x080002b7   Thumb Code     0  startup_stm32g431xx.o(.text)
    FMAC_IRQHandler                          0x080002b7   Thumb Code     0  startup_stm32g431xx.o(.text)
    FPU_IRQHandler                           0x080002b7   Thumb Code     0  startup_stm32g431xx.o(.text)
    I2C1_ER_IRQHandler                       0x080002b7   Thumb Code     0  startup_stm32g431xx.o(.text)
    I2C1_EV_IRQHandler                       0x080002b7   Thumb Code     0  startup_stm32g431xx.o(.text)
    I2C2_ER_IRQHandler                       0x080002b7   Thumb Code     0  startup_stm32g431xx.o(.text)
    I2C2_EV_IRQHandler                       0x080002b7   Thumb Code     0  startup_stm32g431xx.o(.text)
    I2C3_ER_IRQHandler                       0x080002b7   Thumb Code     0  startup_stm32g431xx.o(.text)
    I2C3_EV_IRQHandler                       0x080002b7   Thumb Code     0  startup_stm32g431xx.o(.text)
    LPTIM1_IRQHandler                        0x080002b7   Thumb Code     0  startup_stm32g431xx.o(.text)
    LPUART1_IRQHandler                       0x080002b7   Thumb Code     0  startup_stm32g431xx.o(.text)
    PVD_PVM_IRQHandler                       0x080002b7   Thumb Code     0  startup_stm32g431xx.o(.text)
    RCC_IRQHandler                           0x080002b7   Thumb Code     0  startup_stm32g431xx.o(.text)
    RNG_IRQHandler                           0x080002b7   Thumb Code     0  startup_stm32g431xx.o(.text)
    RTC_Alarm_IRQHandler                     0x080002b7   Thumb Code     0  startup_stm32g431xx.o(.text)
    RTC_TAMP_LSECSS_IRQHandler               0x080002b7   Thumb Code     0  startup_stm32g431xx.o(.text)
    RTC_WKUP_IRQHandler                      0x080002b7   Thumb Code     0  startup_stm32g431xx.o(.text)
    SAI1_IRQHandler                          0x080002b7   Thumb Code     0  startup_stm32g431xx.o(.text)
    SPI1_IRQHandler                          0x080002b7   Thumb Code     0  startup_stm32g431xx.o(.text)
    SPI2_IRQHandler                          0x080002b7   Thumb Code     0  startup_stm32g431xx.o(.text)
    SPI3_IRQHandler                          0x080002b7   Thumb Code     0  startup_stm32g431xx.o(.text)
    TIM1_BRK_TIM15_IRQHandler                0x080002b7   Thumb Code     0  startup_stm32g431xx.o(.text)
    TIM1_CC_IRQHandler                       0x080002b7   Thumb Code     0  startup_stm32g431xx.o(.text)
    TIM1_TRG_COM_TIM17_IRQHandler            0x080002b7   Thumb Code     0  startup_stm32g431xx.o(.text)
    TIM1_UP_TIM16_IRQHandler                 0x080002b7   Thumb Code     0  startup_stm32g431xx.o(.text)
    TIM4_IRQHandler                          0x080002b7   Thumb Code     0  startup_stm32g431xx.o(.text)
    TIM6_DAC_IRQHandler                      0x080002b7   Thumb Code     0  startup_stm32g431xx.o(.text)
    TIM7_IRQHandler                          0x080002b7   Thumb Code     0  startup_stm32g431xx.o(.text)
    TIM8_BRK_IRQHandler                      0x080002b7   Thumb Code     0  startup_stm32g431xx.o(.text)
    TIM8_CC_IRQHandler                       0x080002b7   Thumb Code     0  startup_stm32g431xx.o(.text)
    TIM8_TRG_COM_IRQHandler                  0x080002b7   Thumb Code     0  startup_stm32g431xx.o(.text)
    TIM8_UP_IRQHandler                       0x080002b7   Thumb Code     0  startup_stm32g431xx.o(.text)
    UART4_IRQHandler                         0x080002b7   Thumb Code     0  startup_stm32g431xx.o(.text)
    UCPD1_IRQHandler                         0x080002b7   Thumb Code     0  startup_stm32g431xx.o(.text)
    USART1_IRQHandler                        0x080002b7   Thumb Code     0  startup_stm32g431xx.o(.text)
    USART2_IRQHandler                        0x080002b7   Thumb Code     0  startup_stm32g431xx.o(.text)
    USART3_IRQHandler                        0x080002b7   Thumb Code     0  startup_stm32g431xx.o(.text)
    USBWakeUp_IRQHandler                     0x080002b7   Thumb Code     0  startup_stm32g431xx.o(.text)
    USB_HP_IRQHandler                        0x080002b7   Thumb Code     0  startup_stm32g431xx.o(.text)
    USB_LP_IRQHandler                        0x080002b7   Thumb Code     0  startup_stm32g431xx.o(.text)
    WWDG_IRQHandler                          0x080002b7   Thumb Code     0  startup_stm32g431xx.o(.text)
    __user_initial_stackheap                 0x080002b9   Thumb Code     0  startup_stm32g431xx.o(.text)
    __2sprintf                               0x080002dd   Thumb Code    34  noretval__2sprintf.o(.text)
    _printf_str                              0x08000305   Thumb Code    82  _printf_str.o(.text)
    _printf_int_dec                          0x08000359   Thumb Code   104  _printf_dec.o(.text)
    __printf                                 0x080003d1   Thumb Code   270  __printf_wp.o(.text)
    __aeabi_memclr4                          0x080004df   Thumb Code     0  rt_memclr_w.o(.text)
    __aeabi_memclr8                          0x080004df   Thumb Code     0  rt_memclr_w.o(.text)
    __rt_memclr_w                            0x080004df   Thumb Code    78  rt_memclr_w.o(.text)
    _memset_w                                0x080004e3   Thumb Code     0  rt_memclr_w.o(.text)
    __use_two_region_memory                  0x0800052d   Thumb Code     2  heapauxi.o(.text)
    __rt_heap_escrow$2region                 0x0800052f   Thumb Code     2  heapauxi.o(.text)
    __rt_heap_expand$2region                 0x08000531   Thumb Code     2  heapauxi.o(.text)
    _printf_int_common                       0x08000533   Thumb Code   178  _printf_intcommon.o(.text)
    __lib_sel_fp_printf                      0x080005e5   Thumb Code     2  _printf_fp_dec.o(.text)
    _printf_fp_dec_real                      0x08000793   Thumb Code   620  _printf_fp_dec.o(.text)
    _printf_char_common                      0x08000a0b   Thumb Code    32  _printf_char_common.o(.text)
    _sputc                                   0x08000a31   Thumb Code    10  _sputc.o(.text)
    _printf_cs_common                        0x08000a3b   Thumb Code    20  _printf_char.o(.text)
    _printf_char                             0x08000a4f   Thumb Code    16  _printf_char.o(.text)
    _printf_string                           0x08000a5f   Thumb Code     8  _printf_char.o(.text)
    __rt_locale                              0x08000a69   Thumb Code     8  rt_locale_intlibspace.o(.text)
    _ll_udiv10                               0x08000a71   Thumb Code   138  lludiv10.o(.text)
    _printf_fp_infnan                        0x08000afd   Thumb Code   112  _printf_fp_infnan.o(.text)
    _btod_etento                             0x08000b7d   Thumb Code   216  bigflt0.o(.text)
    __user_libspace                          0x08000c59   Thumb Code     8  libspace.o(.text)
    __user_perproc_libspace                  0x08000c59   Thumb Code     0  libspace.o(.text)
    __user_perthread_libspace                0x08000c59   Thumb Code     0  libspace.o(.text)
    __user_setup_stackheap                   0x08000c61   Thumb Code    74  sys_stackheap_outer.o(.text)
    exit                                     0x08000cab   Thumb Code    18  exit.o(.text)
    strcmp                                   0x08000cbd   Thumb Code   128  strcmpv7m.o(.text)
    _sys_exit                                0x08000d3d   Thumb Code     8  sys_exit.o(.text)
    __I$use$semihosting                      0x08000d49   Thumb Code     0  use_no_semi.o(.text)
    __use_no_semihosting_swi                 0x08000d49   Thumb Code     2  use_no_semi.o(.text)
    __semihosting_library_function           0x08000d4b   Thumb Code     0  indicate_semi.o(.text)
    _btod_d2e                                0x08000d4b   Thumb Code    62  btod.o(CL$$btod_d2e)
    _d2e_denorm_low                          0x08000d89   Thumb Code    70  btod.o(CL$$btod_d2e_denorm_low)
    _d2e_norm_op1                            0x08000dcf   Thumb Code    96  btod.o(CL$$btod_d2e_norm_op1)
    __btod_div_common                        0x08000e2f   Thumb Code   696  btod.o(CL$$btod_div_common)
    _e2e                                     0x08001167   Thumb Code   198  btod.o(CL$$btod_e2e)
    _btod_ediv                               0x0800122d   Thumb Code    40  btod.o(CL$$btod_ediv)
    _btod_emul                               0x08001255   Thumb Code    40  btod.o(CL$$btod_emul)
    __btod_mult_common                       0x0800127d   Thumb Code   580  btod.o(CL$$btod_mult_common)
    ADC_Enable                               0x080014c1   Thumb Code   182  stm32g4xx_hal_adc.o(i.ADC_Enable)
    BusFault_Handler                         0x08001589   Thumb Code     4  stm32g4xx_it.o(i.BusFault_Handler)
    DebugMon_Handler                         0x0800158d   Thumb Code     2  stm32g4xx_it.o(i.DebugMon_Handler)
    Delay_LCD                                0x0800158f   Thumb Code    30  lcd.o(i.Delay_LCD)
    Error_Handler                            0x080015ad   Thumb Code     6  main.o(i.Error_Handler)
    HAL_ADC_ConfigChannel                    0x080015b5   Thumb Code  1252  stm32g4xx_hal_adc.o(i.HAL_ADC_ConfigChannel)
    HAL_ADC_GetValue                         0x08001abd   Thumb Code     8  stm32g4xx_hal_adc.o(i.HAL_ADC_GetValue)
    HAL_ADC_Init                             0x08001ac5   Thumb Code   576  stm32g4xx_hal_adc.o(i.HAL_ADC_Init)
    HAL_ADC_MspInit                          0x08001d21   Thumb Code   130  adc.o(i.HAL_ADC_MspInit)
    HAL_ADC_Start                            0x08001db1   Thumb Code   276  stm32g4xx_hal_adc.o(i.HAL_ADC_Start)
    HAL_Delay                                0x08001ecd   Thumb Code    36  stm32g4xx_hal.o(i.HAL_Delay)
    HAL_GPIO_Init                            0x08001ef5   Thumb Code   428  stm32g4xx_hal_gpio.o(i.HAL_GPIO_Init)
    HAL_GPIO_ReadPin                         0x080020c1   Thumb Code    16  stm32g4xx_hal_gpio.o(i.HAL_GPIO_ReadPin)
    HAL_GPIO_WritePin                        0x080020d1   Thumb Code    10  stm32g4xx_hal_gpio.o(i.HAL_GPIO_WritePin)
    HAL_GetTick                              0x080020dd   Thumb Code     6  stm32g4xx_hal.o(i.HAL_GetTick)
    HAL_IncTick                              0x080020e9   Thumb Code    16  stm32g4xx_hal.o(i.HAL_IncTick)
    HAL_Init                                 0x08002101   Thumb Code    30  stm32g4xx_hal.o(i.HAL_Init)
    HAL_InitTick                             0x08002121   Thumb Code    74  stm32g4xx_hal.o(i.HAL_InitTick)
    HAL_MspInit                              0x08002179   Thumb Code    62  stm32g4xx_hal_msp.o(i.HAL_MspInit)
    HAL_NVIC_EnableIRQ                       0x080021bd   Thumb Code    40  stm32g4xx_hal_cortex.o(i.HAL_NVIC_EnableIRQ)
    HAL_NVIC_SetPriority                     0x080021e5   Thumb Code   122  stm32g4xx_hal_cortex.o(i.HAL_NVIC_SetPriority)
    HAL_NVIC_SetPriorityGrouping             0x08002261   Thumb Code    32  stm32g4xx_hal_cortex.o(i.HAL_NVIC_SetPriorityGrouping)
    HAL_PWREx_ControlVoltageScaling          0x08002289   Thumb Code   268  stm32g4xx_hal_pwr_ex.o(i.HAL_PWREx_ControlVoltageScaling)
    HAL_PWREx_DisableUCPDDeadBattery         0x080023a1   Thumb Code    14  stm32g4xx_hal_pwr_ex.o(i.HAL_PWREx_DisableUCPDDeadBattery)
    HAL_RCCEx_PeriphCLKConfig                0x080023b5   Thumb Code   872  stm32g4xx_hal_rcc_ex.o(i.HAL_RCCEx_PeriphCLKConfig)
    HAL_RCC_ClockConfig                      0x08002725   Thumb Code   522  stm32g4xx_hal_rcc.o(i.HAL_RCC_ClockConfig)
    HAL_RCC_GetSysClockFreq                  0x08002949   Thumb Code   138  stm32g4xx_hal_rcc.o(i.HAL_RCC_GetSysClockFreq)
    HAL_RCC_OscConfig                        0x080029e1   Thumb Code  1360  stm32g4xx_hal_rcc.o(i.HAL_RCC_OscConfig)
    HAL_SYSTICK_Config                       0x08002f3d   Thumb Code    52  stm32g4xx_hal_cortex.o(i.HAL_SYSTICK_Config)
    HAL_TIMEx_Break2Callback                 0x08002f71   Thumb Code     2  stm32g4xx_hal_tim_ex.o(i.HAL_TIMEx_Break2Callback)
    HAL_TIMEx_BreakCallback                  0x08002f73   Thumb Code     2  stm32g4xx_hal_tim_ex.o(i.HAL_TIMEx_BreakCallback)
    HAL_TIMEx_CommutCallback                 0x08002f75   Thumb Code     2  stm32g4xx_hal_tim_ex.o(i.HAL_TIMEx_CommutCallback)
    HAL_TIMEx_DirectionChangeCallback        0x08002f77   Thumb Code     2  stm32g4xx_hal_tim_ex.o(i.HAL_TIMEx_DirectionChangeCallback)
    HAL_TIMEx_EncoderIndexCallback           0x08002f79   Thumb Code     2  stm32g4xx_hal_tim_ex.o(i.HAL_TIMEx_EncoderIndexCallback)
    HAL_TIMEx_IndexErrorCallback             0x08002f7b   Thumb Code     2  stm32g4xx_hal_tim_ex.o(i.HAL_TIMEx_IndexErrorCallback)
    HAL_TIMEx_MasterConfigSynchronization    0x08002f7d   Thumb Code   158  stm32g4xx_hal_tim_ex.o(i.HAL_TIMEx_MasterConfigSynchronization)
    HAL_TIMEx_TransitionErrorCallback        0x08003035   Thumb Code     2  stm32g4xx_hal_tim_ex.o(i.HAL_TIMEx_TransitionErrorCallback)
    HAL_TIM_Base_Init                        0x08003037   Thumb Code   110  stm32g4xx_hal_tim.o(i.HAL_TIM_Base_Init)
    HAL_TIM_Base_MspInit                     0x080030a5   Thumb Code   178  tim.o(i.HAL_TIM_Base_MspInit)
    HAL_TIM_ConfigClockSource                0x08003161   Thumb Code   300  stm32g4xx_hal_tim.o(i.HAL_TIM_ConfigClockSource)
    HAL_TIM_IC_CaptureCallback               0x08003295   Thumb Code   140  key.o(i.HAL_TIM_IC_CaptureCallback)
    HAL_TIM_IC_ConfigChannel                 0x0800333d   Thumb Code   222  stm32g4xx_hal_tim.o(i.HAL_TIM_IC_ConfigChannel)
    HAL_TIM_IC_Init                          0x0800341b   Thumb Code   110  stm32g4xx_hal_tim.o(i.HAL_TIM_IC_Init)
    HAL_TIM_IC_MspInit                       0x08003489   Thumb Code     2  stm32g4xx_hal_tim.o(i.HAL_TIM_IC_MspInit)
    HAL_TIM_IC_Start                         0x0800348d   Thumb Code   324  stm32g4xx_hal_tim.o(i.HAL_TIM_IC_Start)
    HAL_TIM_IC_Start_IT                      0x080035e9   Thumb Code   408  stm32g4xx_hal_tim.o(i.HAL_TIM_IC_Start_IT)
    HAL_TIM_IRQHandler                       0x08003799   Thumb Code   544  stm32g4xx_hal_tim.o(i.HAL_TIM_IRQHandler)
    HAL_TIM_MspPostInit                      0x080039b9   Thumb Code    80  tim.o(i.HAL_TIM_MspPostInit)
    HAL_TIM_OC_DelayElapsedCallback          0x08003a0d   Thumb Code     2  stm32g4xx_hal_tim.o(i.HAL_TIM_OC_DelayElapsedCallback)
    HAL_TIM_PWM_ConfigChannel                0x08003a0f   Thumb Code   368  stm32g4xx_hal_tim.o(i.HAL_TIM_PWM_ConfigChannel)
    HAL_TIM_PWM_Init                         0x08003b7f   Thumb Code   110  stm32g4xx_hal_tim.o(i.HAL_TIM_PWM_Init)
    HAL_TIM_PWM_MspInit                      0x08003bed   Thumb Code     2  stm32g4xx_hal_tim.o(i.HAL_TIM_PWM_MspInit)
    HAL_TIM_PWM_PulseFinishedCallback        0x08003bef   Thumb Code     2  stm32g4xx_hal_tim.o(i.HAL_TIM_PWM_PulseFinishedCallback)
    HAL_TIM_PWM_Start                        0x08003bf1   Thumb Code   298  stm32g4xx_hal_tim.o(i.HAL_TIM_PWM_Start)
    HAL_TIM_PeriodElapsedCallback            0x08003d3d   Thumb Code     2  stm32g4xx_hal_tim.o(i.HAL_TIM_PeriodElapsedCallback)
    HAL_TIM_ReadCapturedValue                0x08003d3f   Thumb Code    50  stm32g4xx_hal_tim.o(i.HAL_TIM_ReadCapturedValue)
    HAL_TIM_TriggerCallback                  0x08003d71   Thumb Code     2  stm32g4xx_hal_tim.o(i.HAL_TIM_TriggerCallback)
    HardFault_Handler                        0x08003d73   Thumb Code     4  stm32g4xx_it.o(i.HardFault_Handler)
    LCD_BusIn                                0x08003d79   Thumb Code    42  lcd.o(i.LCD_BusIn)
    LCD_BusOut                               0x08003da9   Thumb Code    42  lcd.o(i.LCD_BusOut)
    LCD_Clear                                0x08003dd9   Thumb Code    38  lcd.o(i.LCD_Clear)
    LCD_CtrlLinesConfig                      0x08003e01   Thumb Code   182  lcd.o(i.LCD_CtrlLinesConfig)
    LCD_DisplayChar                          0x08003ec1   Thumb Code    34  lcd.o(i.LCD_DisplayChar)
    LCD_DisplayStringLine                    0x08003ee9   Thumb Code    44  lcd.o(i.LCD_DisplayStringLine)
    LCD_DrawChar                             0x08003f15   Thumb Code   100  lcd.o(i.LCD_DrawChar)
    LCD_Init                                 0x08003f81   Thumb Code    50  lcd.o(i.LCD_Init)
    LCD_ReadReg                              0x08003fb9   Thumb Code   164  lcd.o(i.LCD_ReadReg)
    LCD_SetBackColor                         0x08004065   Thumb Code    12  lcd.o(i.LCD_SetBackColor)
    LCD_SetCursor                            0x08004075   Thumb Code    24  lcd.o(i.LCD_SetCursor)
    LCD_SetTextColor                         0x0800408d   Thumb Code    12  lcd.o(i.LCD_SetTextColor)
    LCD_WriteRAM                             0x0800409d   Thumb Code   110  lcd.o(i.LCD_WriteRAM)
    LCD_WriteRAM_Prepare                     0x08004115   Thumb Code   112  lcd.o(i.LCD_WriteRAM_Prepare)
    LCD_WriteReg                             0x0800418d   Thumb Code   136  lcd.o(i.LCD_WriteReg)
    MX_ADC2_Init                             0x080042d9   Thumb Code   120  adc.o(i.MX_ADC2_Init)
    MX_GPIO_Init                             0x0800435d   Thumb Code   254  gpio.o(i.MX_GPIO_Init)
    MX_TIM2_Init                             0x0800446d   Thumb Code   158  tim.o(i.MX_TIM2_Init)
    MX_TIM3_Init                             0x08004511   Thumb Code   174  tim.o(i.MX_TIM3_Init)
    MemManage_Handler                        0x080045c9   Thumb Code     4  stm32g4xx_it.o(i.MemManage_Handler)
    NMI_Handler                              0x080045cd   Thumb Code     4  stm32g4xx_it.o(i.NMI_Handler)
    PendSV_Handler                           0x080045d1   Thumb Code     2  stm32g4xx_it.o(i.PendSV_Handler)
    REG_8230_Init                            0x0800463d   Thumb Code   288  lcd.o(i.REG_8230_Init)
    REG_932X_Init                            0x0800475d   Thumb Code   512  lcd.o(i.REG_932X_Init)
    SVC_Handler                              0x0800495d   Thumb Code     2  stm32g4xx_it.o(i.SVC_Handler)
    SysTick_Handler                          0x0800495f   Thumb Code     8  stm32g4xx_it.o(i.SysTick_Handler)
    SystemClock_Config                       0x08004967   Thumb Code   104  main.o(i.SystemClock_Config)
    SystemInit                               0x080049d1   Thumb Code    14  system_stm32g4xx.o(i.SystemInit)
    TIM2_IRQHandler                          0x080049e5   Thumb Code    10  stm32g4xx_it.o(i.TIM2_IRQHandler)
    TIM3_IRQHandler                          0x080049f5   Thumb Code    10  stm32g4xx_it.o(i.TIM3_IRQHandler)
    TIM_Base_SetConfig                       0x08004a05   Thumb Code   174  stm32g4xx_hal_tim.o(i.TIM_Base_SetConfig)
    TIM_CCxChannelCmd                        0x08004ad1   Thumb Code    34  stm32g4xx_hal_tim.o(i.TIM_CCxChannelCmd)
    TIM_ETR_SetConfig                        0x08004af3   Thumb Code    22  stm32g4xx_hal_tim.o(i.TIM_ETR_SetConfig)
    TIM_OC2_SetConfig                        0x08004bcd   Thumb Code   156  stm32g4xx_hal_tim.o(i.TIM_OC2_SetConfig)
    TIM_TI1_SetConfig                        0x08004ef1   Thumb Code   102  stm32g4xx_hal_tim.o(i.TIM_TI1_SetConfig)
    UsageFault_Handler                       0x08005043   Thumb Code     4  stm32g4xx_it.o(i.UsageFault_Handler)
    __ARM_fpclassify                         0x08005047   Thumb Code    48  fpclassify.o(i.__ARM_fpclassify)
    _is_digit                                0x080050b1   Thumb Code    14  __printf_wp.o(i._is_digit)
    calculate                                0x080050c1   Thumb Code   706  key.o(i.calculate)
    get_adc                                  0x08005405   Thumb Code    70  key.o(i.get_adc)
    key_proc                                 0x08005461   Thumb Code   496  key.o(i.key_proc)
    key_scan                                 0x08005691   Thumb Code    56  key.o(i.key_scan)
    lcd_proc                                 0x080056cd   Thumb Code   518  key.o(i.lcd_proc)
    led_buling                               0x080059fd   Thumb Code   108  led.o(i.led_buling)
    led_dsp                                  0x08005a81   Thumb Code    48  led.o(i.led_dsp)
    main                                     0x08005ab9   Thumb Code    94  main.o(i.main)
    _get_lc_numeric                          0x08005b21   Thumb Code    44  lc_numeric_c.o(locale$$code)
    __aeabi_d2f                              0x08005b4d   Thumb Code     0  d2f.o(x$fpl$d2f)
    _d2f                                     0x08005b4d   Thumb Code    98  d2f.o(x$fpl$d2f)
    __aeabi_dadd                             0x08005bb1   Thumb Code     0  daddsub_clz.o(x$fpl$dadd)
    _dadd                                    0x08005bb1   Thumb Code   332  daddsub_clz.o(x$fpl$dadd)
    __aeabi_ddiv                             0x08005d01   Thumb Code     0  ddiv.o(x$fpl$ddiv)
    _ddiv                                    0x08005d01   Thumb Code   552  ddiv.o(x$fpl$ddiv)
    __aeabi_i2d                              0x08005fb1   Thumb Code     0  dflt_clz.o(x$fpl$dflt)
    _dflt                                    0x08005fb1   Thumb Code    46  dflt_clz.o(x$fpl$dflt)
    __aeabi_ui2d                             0x08005fdf   Thumb Code     0  dflt_clz.o(x$fpl$dfltu)
    _dfltu                                   0x08005fdf   Thumb Code    38  dflt_clz.o(x$fpl$dfltu)
    __aeabi_dmul                             0x08006005   Thumb Code     0  dmul.o(x$fpl$dmul)
    _dmul                                    0x08006005   Thumb Code   332  dmul.o(x$fpl$dmul)
    __fpl_dnaninf                            0x08006159   Thumb Code   156  dnaninf.o(x$fpl$dnaninf)
    __fpl_dretinf                            0x080061f5   Thumb Code    12  dretinf.o(x$fpl$dretinf)
    __aeabi_dsub                             0x08006201   Thumb Code     0  daddsub_clz.o(x$fpl$dsub)
    _dsub                                    0x08006201   Thumb Code   464  daddsub_clz.o(x$fpl$dsub)
    __aeabi_f2d                              0x080063d5   Thumb Code     0  f2d.o(x$fpl$f2d)
    _f2d                                     0x080063d5   Thumb Code    86  f2d.o(x$fpl$f2d)
    __fpl_fnaninf                            0x0800642b   Thumb Code   140  fnaninf.o(x$fpl$fnaninf)
    _fp_init                                 0x080064b7   Thumb Code    10  fpinit.o(x$fpl$fpinit)
    __fplib_config_fpu_vfp                   0x080064bf   Thumb Code     0  fpinit.o(x$fpl$fpinit)
    __fplib_config_pureend_doubles           0x080064bf   Thumb Code     0  fpinit.o(x$fpl$fpinit)
    __fpl_fretinf                            0x080064c1   Thumb Code    10  fretinf.o(x$fpl$fretinf)
    _printf_fp_dec                           0x080064cb   Thumb Code     4  printf1.o(x$fpl$printf1)
    AHBPrescTable                            0x080064ce   Data          16  system_stm32g4xx.o(.constdata)
    __I$use$fp                               0x080064ce   Number         0  usenofp.o(x$fpl$usenofp)
    APBPrescTable                            0x080064de   Data           8  system_stm32g4xx.o(.constdata)
    ASCII_Table                              0x080064e6   Data        4560  lcd.o(.constdata)
    Region$$Table$$Base                      0x0800774c   Number         0  anon$$obj.o(Region$$Table)
    Region$$Table$$Limit                     0x0800776c   Number         0  anon$$obj.o(Region$$Table)
    uwTick                                   0x20000000   Data           4  stm32g4xx_hal.o(.data)
    uwTickPrio                               0x20000004   Data           4  stm32g4xx_hal.o(.data)
    uwTickFreq                               0x20000008   Data           4  stm32g4xx_hal.o(.data)
    SystemCoreClock                          0x2000000c   Data           4  system_stm32g4xx.o(.data)
    key_value                                0x20000010   Data           1  key.o(.data)
    key_up                                   0x20000011   Data           1  key.o(.data)
    key_down                                 0x20000012   Data           1  key.o(.data)
    key_old                                  0x20000013   Data           1  key.o(.data)
    view                                     0x20000014   Data           1  key.o(.data)
    parark                                   0x20000015   Data           2  key.o(.data)
    parark_flag                              0x20000017   Data           1  key.o(.data)
    lock_flag                                0x20000018   Data           1  key.o(.data)
    uwTickkey                                0x2000001c   Data           4  key.o(.data)
    uwTicklongkey                            0x20000020   Data           4  key.o(.data)
    uwTickfrq                                0x20000024   Data           4  key.o(.data)
    uwTickfrq1                               0x20000028   Data           4  key.o(.data)
    uwTicklock                               0x2000002c   Data           4  key.o(.data)
    gadc                                     0x20000030   Data           4  key.o(.data)
    mode                                     0x20000034   Data           1  key.o(.data)
    mode_flag                                0x20000035   Data           1  key.o(.data)
    oldmode_flag                             0x20000036   Data           1  key.o(.data)
    finish_flag                              0x20000037   Data           1  key.o(.data)
    N                                        0x20000038   Data           1  key.o(.data)
    ccrl_val1a                               0x2000003c   Data           4  key.o(.data)
    ccrl_val1b                               0x20000040   Data           4  key.o(.data)
    frq1                                     0x20000044   Data           4  key.o(.data)
    frq2                                     0x20000048   Data           4  key.o(.data)
    duty1                                    0x2000004c   Data           4  key.o(.data)
    duty2                                    0x20000050   Data           4  key.o(.data)
    duty37                                   0x20000054   Data           4  key.o(.data)
    v7                                       0x20000058   Data           4  key.o(.data)
    counter_change                           0x2000005c   Data           1  key.o(.data)
    compere                                  0x20000060   Data           4  key.o(.data)
    dummy                                    0x2000006c   Data           2  lcd.o(.data)
    uwTickbuling                             0x20000070   Data           4  led.o(.data)
    hadc2                                    0x2000007c   Data         108  adc.o(.bss)
    htim2                                    0x200000e8   Data          76  tim.o(.bss)
    htim3                                    0x20000134   Data          76  tim.o(.bss)
    __libspace_start                         0x20000180   Data          96  libspace.o(.bss)
    __temporary_stack_top$libspace           0x200001e0   Data           0  libspace.o(.bss)



==============================================================================

Memory Map of the image

  Image Entry point : 0x080001d9

  Load Region LR_IROM1 (Base: 0x08000000, Size: 0x00007804, Max: 0x00020000, ABSOLUTE)

    Execution Region ER_IROM1 (Base: 0x08000000, Size: 0x00007788, Max: 0x00020000, ABSOLUTE)

    Base Addr    Size         Type   Attr      Idx    E Section Name        Object

    0x08000000   0x000001d8   Data   RO            3    RESET               startup_stm32g431xx.o
    0x080001d8   0x00000008   Code   RO         4027  * !!!main             c_w.l(__main.o)
    0x080001e0   0x00000034   Code   RO         4273    !!!scatter          c_w.l(__scatter.o)
    0x08000214   0x0000001a   Code   RO         4275    !!handler_copy      c_w.l(__scatter_copy.o)
    0x0800022e   0x00000002   PAD
    0x08000230   0x0000001c   Code   RO         4277    !!handler_zi        c_w.l(__scatter_zi.o)
    0x0800024c   0x00000000   Code   RO         4022    .ARM.Collect$$_printf_percent$$00000000  c_w.l(_printf_percent.o)
    0x0800024c   0x00000006   Code   RO         4021    .ARM.Collect$$_printf_percent$$00000003  c_w.l(_printf_f.o)
    0x08000252   0x00000006   Code   RO         4020    .ARM.Collect$$_printf_percent$$00000009  c_w.l(_printf_d.o)
    0x08000258   0x00000006   Code   RO         4019    .ARM.Collect$$_printf_percent$$00000013  c_w.l(_printf_c.o)
    0x0800025e   0x00000004   Code   RO         4064    .ARM.Collect$$_printf_percent$$00000017  c_w.l(_printf_percent_end.o)
    0x08000262   0x00000002   Code   RO         4146    .ARM.Collect$$libinit$$00000000  c_w.l(libinit.o)
    0x08000264   0x00000004   Code   RO         4147    .ARM.Collect$$libinit$$00000001  c_w.l(libinit2.o)
    0x08000268   0x00000000   Code   RO         4150    .ARM.Collect$$libinit$$00000004  c_w.l(libinit2.o)
    0x08000268   0x00000000   Code   RO         4153    .ARM.Collect$$libinit$$0000000A  c_w.l(libinit2.o)
    0x08000268   0x00000000   Code   RO         4155    .ARM.Collect$$libinit$$0000000C  c_w.l(libinit2.o)
    0x08000268   0x00000000   Code   RO         4157    .ARM.Collect$$libinit$$0000000E  c_w.l(libinit2.o)
    0x08000268   0x00000006   Code   RO         4158    .ARM.Collect$$libinit$$0000000F  c_w.l(libinit2.o)
    0x0800026e   0x00000000   Code   RO         4160    .ARM.Collect$$libinit$$00000011  c_w.l(libinit2.o)
    0x0800026e   0x00000000   Code   RO         4162    .ARM.Collect$$libinit$$00000013  c_w.l(libinit2.o)
    0x0800026e   0x00000000   Code   RO         4164    .ARM.Collect$$libinit$$00000015  c_w.l(libinit2.o)
    0x0800026e   0x0000000a   Code   RO         4165    .ARM.Collect$$libinit$$00000016  c_w.l(libinit2.o)
    0x08000278   0x00000000   Code   RO         4166    .ARM.Collect$$libinit$$00000017  c_w.l(libinit2.o)
    0x08000278   0x00000000   Code   RO         4168    .ARM.Collect$$libinit$$00000019  c_w.l(libinit2.o)
    0x08000278   0x00000000   Code   RO         4170    .ARM.Collect$$libinit$$0000001B  c_w.l(libinit2.o)
    0x08000278   0x00000000   Code   RO         4172    .ARM.Collect$$libinit$$0000001D  c_w.l(libinit2.o)
    0x08000278   0x00000000   Code   RO         4174    .ARM.Collect$$libinit$$0000001F  c_w.l(libinit2.o)
    0x08000278   0x00000000   Code   RO         4176    .ARM.Collect$$libinit$$00000021  c_w.l(libinit2.o)
    0x08000278   0x00000000   Code   RO         4178    .ARM.Collect$$libinit$$00000023  c_w.l(libinit2.o)
    0x08000278   0x00000000   Code   RO         4180    .ARM.Collect$$libinit$$00000025  c_w.l(libinit2.o)
    0x08000278   0x00000000   Code   RO         4184    .ARM.Collect$$libinit$$0000002C  c_w.l(libinit2.o)
    0x08000278   0x00000000   Code   RO         4186    .ARM.Collect$$libinit$$0000002E  c_w.l(libinit2.o)
    0x08000278   0x00000000   Code   RO         4188    .ARM.Collect$$libinit$$00000030  c_w.l(libinit2.o)
    0x08000278   0x00000000   Code   RO         4190    .ARM.Collect$$libinit$$00000032  c_w.l(libinit2.o)
    0x08000278   0x00000002   Code   RO         4191    .ARM.Collect$$libinit$$00000033  c_w.l(libinit2.o)
    0x0800027a   0x00000002   Code   RO         4221    .ARM.Collect$$libshutdown$$00000000  c_w.l(libshutdown.o)
    0x0800027c   0x00000000   Code   RO         4232    .ARM.Collect$$libshutdown$$00000002  c_w.l(libshutdown2.o)
    0x0800027c   0x00000000   Code   RO         4234    .ARM.Collect$$libshutdown$$00000004  c_w.l(libshutdown2.o)
    0x0800027c   0x00000000   Code   RO         4237    .ARM.Collect$$libshutdown$$00000007  c_w.l(libshutdown2.o)
    0x0800027c   0x00000000   Code   RO         4240    .ARM.Collect$$libshutdown$$0000000A  c_w.l(libshutdown2.o)
    0x0800027c   0x00000000   Code   RO         4242    .ARM.Collect$$libshutdown$$0000000C  c_w.l(libshutdown2.o)
    0x0800027c   0x00000000   Code   RO         4245    .ARM.Collect$$libshutdown$$0000000F  c_w.l(libshutdown2.o)
    0x0800027c   0x00000002   Code   RO         4246    .ARM.Collect$$libshutdown$$00000010  c_w.l(libshutdown2.o)
    0x0800027e   0x00000000   Code   RO         4053    .ARM.Collect$$rtentry$$00000000  c_w.l(__rtentry.o)
    0x0800027e   0x00000000   Code   RO         4075    .ARM.Collect$$rtentry$$00000002  c_w.l(__rtentry2.o)
    0x0800027e   0x00000006   Code   RO         4087    .ARM.Collect$$rtentry$$00000004  c_w.l(__rtentry4.o)
    0x08000284   0x00000000   Code   RO         4077    .ARM.Collect$$rtentry$$00000009  c_w.l(__rtentry2.o)
    0x08000284   0x00000004   Code   RO         4078    .ARM.Collect$$rtentry$$0000000A  c_w.l(__rtentry2.o)
    0x08000288   0x00000000   Code   RO         4080    .ARM.Collect$$rtentry$$0000000C  c_w.l(__rtentry2.o)
    0x08000288   0x00000008   Code   RO         4081    .ARM.Collect$$rtentry$$0000000D  c_w.l(__rtentry2.o)
    0x08000290   0x00000002   Code   RO         4192    .ARM.Collect$$rtexit$$00000000  c_w.l(rtexit.o)
    0x08000292   0x00000000   Code   RO         4199    .ARM.Collect$$rtexit$$00000002  c_w.l(rtexit2.o)
    0x08000292   0x00000004   Code   RO         4200    .ARM.Collect$$rtexit$$00000003  c_w.l(rtexit2.o)
    0x08000296   0x00000006   Code   RO         4201    .ARM.Collect$$rtexit$$00000004  c_w.l(rtexit2.o)
    0x0800029c   0x00000040   Code   RO            4    .text               startup_stm32g431xx.o
    0x080002dc   0x00000028   Code   RO         3991    .text               c_w.l(noretval__2sprintf.o)
    0x08000304   0x00000052   Code   RO         3995    .text               c_w.l(_printf_str.o)
    0x08000356   0x00000002   PAD
    0x08000358   0x00000078   Code   RO         3997    .text               c_w.l(_printf_dec.o)
    0x080003d0   0x0000010e   Code   RO         4007    .text               c_w.l(__printf_wp.o)
    0x080004de   0x0000004e   Code   RO         4023    .text               c_w.l(rt_memclr_w.o)
    0x0800052c   0x00000006   Code   RO         4025    .text               c_w.l(heapauxi.o)
    0x08000532   0x000000b2   Code   RO         4054    .text               c_w.l(_printf_intcommon.o)
    0x080005e4   0x0000041a   Code   RO         4056    .text               c_w.l(_printf_fp_dec.o)
    0x080009fe   0x00000002   PAD
    0x08000a00   0x00000030   Code   RO         4058    .text               c_w.l(_printf_char_common.o)
    0x08000a30   0x0000000a   Code   RO         4060    .text               c_w.l(_sputc.o)
    0x08000a3a   0x0000002c   Code   RO         4062    .text               c_w.l(_printf_char.o)
    0x08000a66   0x00000002   PAD
    0x08000a68   0x00000008   Code   RO         4092    .text               c_w.l(rt_locale_intlibspace.o)
    0x08000a70   0x0000008a   Code   RO         4094    .text               c_w.l(lludiv10.o)
    0x08000afa   0x00000002   PAD
    0x08000afc   0x00000080   Code   RO         4096    .text               c_w.l(_printf_fp_infnan.o)
    0x08000b7c   0x000000dc   Code   RO         4100    .text               c_w.l(bigflt0.o)
    0x08000c58   0x00000008   Code   RO         4132    .text               c_w.l(libspace.o)
    0x08000c60   0x0000004a   Code   RO         4135    .text               c_w.l(sys_stackheap_outer.o)
    0x08000caa   0x00000012   Code   RO         4137    .text               c_w.l(exit.o)
    0x08000cbc   0x00000080   Code   RO         4139    .text               c_w.l(strcmpv7m.o)
    0x08000d3c   0x0000000c   Code   RO         4211    .text               c_w.l(sys_exit.o)
    0x08000d48   0x00000002   Code   RO         4222    .text               c_w.l(use_no_semi.o)
    0x08000d4a   0x00000000   Code   RO         4224    .text               c_w.l(indicate_semi.o)
    0x08000d4a   0x0000003e   Code   RO         4103    CL$$btod_d2e        c_w.l(btod.o)
    0x08000d88   0x00000046   Code   RO         4105    CL$$btod_d2e_denorm_low  c_w.l(btod.o)
    0x08000dce   0x00000060   Code   RO         4104    CL$$btod_d2e_norm_op1  c_w.l(btod.o)
    0x08000e2e   0x00000338   Code   RO         4113    CL$$btod_div_common  c_w.l(btod.o)
    0x08001166   0x000000c6   Code   RO         4110    CL$$btod_e2e        c_w.l(btod.o)
    0x0800122c   0x00000028   Code   RO         4107    CL$$btod_ediv       c_w.l(btod.o)
    0x08001254   0x00000028   Code   RO         4106    CL$$btod_emul       c_w.l(btod.o)
    0x0800127c   0x00000244   Code   RO         4112    CL$$btod_mult_common  c_w.l(btod.o)
    0x080014c0   0x000000c8   Code   RO          411    i.ADC_Enable        stm32g4xx_hal_adc.o
    0x08001588   0x00000004   Code   RO          294    i.BusFault_Handler  stm32g4xx_it.o
    0x0800158c   0x00000002   Code   RO          295    i.DebugMon_Handler  stm32g4xx_it.o
    0x0800158e   0x0000001e   Code   RO         3742    i.Delay_LCD         lcd.o
    0x080015ac   0x00000006   Code   RO           13    i.Error_Handler     main.o
    0x080015b2   0x00000002   PAD
    0x080015b4   0x00000508   Code   RO          413    i.HAL_ADC_ConfigChannel  stm32g4xx_hal_adc.o
    0x08001abc   0x00000008   Code   RO          420    i.HAL_ADC_GetValue  stm32g4xx_hal_adc.o
    0x08001ac4   0x0000025c   Code   RO          422    i.HAL_ADC_Init      stm32g4xx_hal_adc.o
    0x08001d20   0x00000090   Code   RO          199    i.HAL_ADC_MspInit   adc.o
    0x08001db0   0x0000011c   Code   RO          428    i.HAL_ADC_Start     stm32g4xx_hal_adc.o
    0x08001ecc   0x00000028   Code   RO          925    i.HAL_Delay         stm32g4xx_hal.o
    0x08001ef4   0x000001cc   Code   RO         1694    i.HAL_GPIO_Init     stm32g4xx_hal_gpio.o
    0x080020c0   0x00000010   Code   RO         1696    i.HAL_GPIO_ReadPin  stm32g4xx_hal_gpio.o
    0x080020d0   0x0000000a   Code   RO         1698    i.HAL_GPIO_WritePin  stm32g4xx_hal_gpio.o
    0x080020da   0x00000002   PAD
    0x080020dc   0x0000000c   Code   RO          929    i.HAL_GetTick       stm32g4xx_hal.o
    0x080020e8   0x00000018   Code   RO          935    i.HAL_IncTick       stm32g4xx_hal.o
    0x08002100   0x0000001e   Code   RO          936    i.HAL_Init          stm32g4xx_hal.o
    0x0800211e   0x00000002   PAD
    0x08002120   0x00000058   Code   RO          937    i.HAL_InitTick      stm32g4xx_hal.o
    0x08002178   0x00000044   Code   RO          382    i.HAL_MspInit       stm32g4xx_hal_msp.o
    0x080021bc   0x00000028   Code   RO         2341    i.HAL_NVIC_EnableIRQ  stm32g4xx_hal_cortex.o
    0x080021e4   0x0000007a   Code   RO         2347    i.HAL_NVIC_SetPriority  stm32g4xx_hal_cortex.o
    0x0800225e   0x00000002   PAD
    0x08002260   0x00000028   Code   RO         2348    i.HAL_NVIC_SetPriorityGrouping  stm32g4xx_hal_cortex.o
    0x08002288   0x00000118   Code   RO         2097    i.HAL_PWREx_ControlVoltageScaling  stm32g4xx_hal_pwr_ex.o
    0x080023a0   0x00000014   Code   RO         2109    i.HAL_PWREx_DisableUCPDDeadBattery  stm32g4xx_hal_pwr_ex.o
    0x080023b4   0x00000370   Code   RO         1301    i.HAL_RCCEx_PeriphCLKConfig  stm32g4xx_hal_rcc_ex.o
    0x08002724   0x00000224   Code   RO         1171    i.HAL_RCC_ClockConfig  stm32g4xx_hal_rcc.o
    0x08002948   0x00000098   Code   RO         1181    i.HAL_RCC_GetSysClockFreq  stm32g4xx_hal_rcc.o
    0x080029e0   0x0000055c   Code   RO         1184    i.HAL_RCC_OscConfig  stm32g4xx_hal_rcc.o
    0x08002f3c   0x00000034   Code   RO         2352    i.HAL_SYSTICK_Config  stm32g4xx_hal_cortex.o
    0x08002f70   0x00000002   Code   RO         3203    i.HAL_TIMEx_Break2Callback  stm32g4xx_hal_tim_ex.o
    0x08002f72   0x00000002   Code   RO         3204    i.HAL_TIMEx_BreakCallback  stm32g4xx_hal_tim_ex.o
    0x08002f74   0x00000002   Code   RO         3205    i.HAL_TIMEx_CommutCallback  stm32g4xx_hal_tim_ex.o
    0x08002f76   0x00000002   Code   RO         3216    i.HAL_TIMEx_DirectionChangeCallback  stm32g4xx_hal_tim_ex.o
    0x08002f78   0x00000002   Code   RO         3230    i.HAL_TIMEx_EncoderIndexCallback  stm32g4xx_hal_tim_ex.o
    0x08002f7a   0x00000002   Code   RO         3244    i.HAL_TIMEx_IndexErrorCallback  stm32g4xx_hal_tim_ex.o
    0x08002f7c   0x000000b8   Code   RO         3245    i.HAL_TIMEx_MasterConfigSynchronization  stm32g4xx_hal_tim_ex.o
    0x08003034   0x00000002   Code   RO         3266    i.HAL_TIMEx_TransitionErrorCallback  stm32g4xx_hal_tim_ex.o
    0x08003036   0x0000006e   Code   RO         2478    i.HAL_TIM_Base_Init  stm32g4xx_hal_tim.o
    0x080030a4   0x000000bc   Code   RO          241    i.HAL_TIM_Base_MspInit  tim.o
    0x08003160   0x00000134   Code   RO         2487    i.HAL_TIM_ConfigClockSource  stm32g4xx_hal_tim.o
    0x08003294   0x000000a8   Code   RO         3669    i.HAL_TIM_IC_CaptureCallback  key.o
    0x0800333c   0x000000de   Code   RO         2514    i.HAL_TIM_IC_ConfigChannel  stm32g4xx_hal_tim.o
    0x0800341a   0x0000006e   Code   RO         2517    i.HAL_TIM_IC_Init   stm32g4xx_hal_tim.o
    0x08003488   0x00000002   Code   RO         2519    i.HAL_TIM_IC_MspInit  stm32g4xx_hal_tim.o
    0x0800348a   0x00000002   PAD
    0x0800348c   0x0000015c   Code   RO         2520    i.HAL_TIM_IC_Start  stm32g4xx_hal_tim.o
    0x080035e8   0x000001b0   Code   RO         2522    i.HAL_TIM_IC_Start_IT  stm32g4xx_hal_tim.o
    0x08003798   0x00000220   Code   RO         2526    i.HAL_TIM_IRQHandler  stm32g4xx_hal_tim.o
    0x080039b8   0x00000054   Code   RO          242    i.HAL_TIM_MspPostInit  tim.o
    0x08003a0c   0x00000002   Code   RO         2529    i.HAL_TIM_OC_DelayElapsedCallback  stm32g4xx_hal_tim.o
    0x08003a0e   0x00000170   Code   RO         2550    i.HAL_TIM_PWM_ConfigChannel  stm32g4xx_hal_tim.o
    0x08003b7e   0x0000006e   Code   RO         2553    i.HAL_TIM_PWM_Init  stm32g4xx_hal_tim.o
    0x08003bec   0x00000002   Code   RO         2555    i.HAL_TIM_PWM_MspInit  stm32g4xx_hal_tim.o
    0x08003bee   0x00000002   Code   RO         2556    i.HAL_TIM_PWM_PulseFinishedCallback  stm32g4xx_hal_tim.o
    0x08003bf0   0x0000014c   Code   RO         2558    i.HAL_TIM_PWM_Start  stm32g4xx_hal_tim.o
    0x08003d3c   0x00000002   Code   RO         2564    i.HAL_TIM_PeriodElapsedCallback  stm32g4xx_hal_tim.o
    0x08003d3e   0x00000032   Code   RO         2566    i.HAL_TIM_ReadCapturedValue  stm32g4xx_hal_tim.o
    0x08003d70   0x00000002   Code   RO         2569    i.HAL_TIM_TriggerCallback  stm32g4xx_hal_tim.o
    0x08003d72   0x00000004   Code   RO          296    i.HardFault_Handler  stm32g4xx_it.o
    0x08003d76   0x00000002   PAD
    0x08003d78   0x00000030   Code   RO         3743    i.LCD_BusIn         lcd.o
    0x08003da8   0x00000030   Code   RO         3744    i.LCD_BusOut        lcd.o
    0x08003dd8   0x00000026   Code   RO         3745    i.LCD_Clear         lcd.o
    0x08003dfe   0x00000002   PAD
    0x08003e00   0x000000c0   Code   RO         3747    i.LCD_CtrlLinesConfig  lcd.o
    0x08003ec0   0x00000028   Code   RO         3748    i.LCD_DisplayChar   lcd.o
    0x08003ee8   0x0000002c   Code   RO         3751    i.LCD_DisplayStringLine  lcd.o
    0x08003f14   0x0000006c   Code   RO         3752    i.LCD_DrawChar      lcd.o
    0x08003f80   0x00000038   Code   RO         3758    i.LCD_Init          lcd.o
    0x08003fb8   0x000000ac   Code   RO         3761    i.LCD_ReadReg       lcd.o
    0x08004064   0x00000010   Code   RO         3762    i.LCD_SetBackColor  lcd.o
    0x08004074   0x00000018   Code   RO         3763    i.LCD_SetCursor     lcd.o
    0x0800408c   0x00000010   Code   RO         3765    i.LCD_SetTextColor  lcd.o
    0x0800409c   0x00000078   Code   RO         3768    i.LCD_WriteRAM      lcd.o
    0x08004114   0x00000078   Code   RO         3769    i.LCD_WriteRAM_Prepare  lcd.o
    0x0800418c   0x00000090   Code   RO         3770    i.LCD_WriteReg      lcd.o
    0x0800421c   0x00000010   Code   RO          436    i.LL_ADC_Enable     stm32g4xx_hal_adc.o
    0x0800422c   0x0000000a   Code   RO          437    i.LL_ADC_GetMultimode  stm32g4xx_hal_adc.o
    0x08004236   0x00000012   Code   RO          438    i.LL_ADC_GetOffsetChannel  stm32g4xx_hal_adc.o
    0x08004248   0x0000000a   Code   RO          439    i.LL_ADC_INJ_IsConversionOngoing  stm32g4xx_hal_adc.o
    0x08004252   0x0000000a   Code   RO          441    i.LL_ADC_IsEnabled  stm32g4xx_hal_adc.o
    0x0800425c   0x0000000a   Code   RO          442    i.LL_ADC_IsInternalRegulatorEnabled  stm32g4xx_hal_adc.o
    0x08004266   0x0000000a   Code   RO          443    i.LL_ADC_REG_IsConversionOngoing  stm32g4xx_hal_adc.o
    0x08004270   0x00000010   Code   RO          445    i.LL_ADC_REG_StartConversion  stm32g4xx_hal_adc.o
    0x08004280   0x00000028   Code   RO          447    i.LL_ADC_SetChannelSamplingTime  stm32g4xx_hal_adc.o
    0x080042a8   0x0000000c   Code   RO          448    i.LL_ADC_SetCommonPathInternalCh  stm32g4xx_hal_adc.o
    0x080042b4   0x00000016   Code   RO          449    i.LL_ADC_SetOffsetState  stm32g4xx_hal_adc.o
    0x080042ca   0x0000000c   Code   RO          450    i.LL_ADC_SetSamplingTimeCommonConfig  stm32g4xx_hal_adc.o
    0x080042d6   0x00000002   PAD
    0x080042d8   0x00000084   Code   RO          200    i.MX_ADC2_Init      adc.o
    0x0800435c   0x00000110   Code   RO          174    i.MX_GPIO_Init      gpio.o
    0x0800446c   0x000000a4   Code   RO          243    i.MX_TIM2_Init      tim.o
    0x08004510   0x000000b8   Code   RO          244    i.MX_TIM3_Init      tim.o
    0x080045c8   0x00000004   Code   RO          297    i.MemManage_Handler  stm32g4xx_it.o
    0x080045cc   0x00000004   Code   RO          298    i.NMI_Handler       stm32g4xx_it.o
    0x080045d0   0x00000002   Code   RO          299    i.PendSV_Handler    stm32g4xx_it.o
    0x080045d2   0x00000002   PAD
    0x080045d4   0x00000068   Code   RO         1185    i.RCC_GetSysClockFreqFromPLLSource  stm32g4xx_hal_rcc.o
    0x0800463c   0x00000120   Code   RO         3771    i.REG_8230_Init     lcd.o
    0x0800475c   0x00000200   Code   RO         3772    i.REG_932X_Init     lcd.o
    0x0800495c   0x00000002   Code   RO          300    i.SVC_Handler       stm32g4xx_it.o
    0x0800495e   0x00000008   Code   RO          301    i.SysTick_Handler   stm32g4xx_it.o
    0x08004966   0x00000068   Code   RO           14    i.SystemClock_Config  main.o
    0x080049ce   0x00000002   PAD
    0x080049d0   0x00000014   Code   RO         3633    i.SystemInit        system_stm32g4xx.o
    0x080049e4   0x00000010   Code   RO          302    i.TIM2_IRQHandler   stm32g4xx_it.o
    0x080049f4   0x00000010   Code   RO          303    i.TIM3_IRQHandler   stm32g4xx_it.o
    0x08004a04   0x000000cc   Code   RO         2571    i.TIM_Base_SetConfig  stm32g4xx_hal_tim.o
    0x08004ad0   0x00000022   Code   RO         2572    i.TIM_CCxChannelCmd  stm32g4xx_hal_tim.o
    0x08004af2   0x00000016   Code   RO         2582    i.TIM_ETR_SetConfig  stm32g4xx_hal_tim.o
    0x08004b08   0x00000018   Code   RO         2583    i.TIM_ITRx_SetConfig  stm32g4xx_hal_tim.o
    0x08004b20   0x000000ac   Code   RO         2584    i.TIM_OC1_SetConfig  stm32g4xx_hal_tim.o
    0x08004bcc   0x000000b4   Code   RO         2585    i.TIM_OC2_SetConfig  stm32g4xx_hal_tim.o
    0x08004c80   0x000000b4   Code   RO         2586    i.TIM_OC3_SetConfig  stm32g4xx_hal_tim.o
    0x08004d34   0x000000b4   Code   RO         2587    i.TIM_OC4_SetConfig  stm32g4xx_hal_tim.o
    0x08004de8   0x00000070   Code   RO         2588    i.TIM_OC5_SetConfig  stm32g4xx_hal_tim.o
    0x08004e58   0x00000070   Code   RO         2589    i.TIM_OC6_SetConfig  stm32g4xx_hal_tim.o
    0x08004ec8   0x00000026   Code   RO         2591    i.TIM_TI1_ConfigInputStage  stm32g4xx_hal_tim.o
    0x08004eee   0x00000002   PAD
    0x08004ef0   0x0000007c   Code   RO         2592    i.TIM_TI1_SetConfig  stm32g4xx_hal_tim.o
    0x08004f6c   0x00000028   Code   RO         2593    i.TIM_TI2_ConfigInputStage  stm32g4xx_hal_tim.o
    0x08004f94   0x0000003a   Code   RO         2594    i.TIM_TI2_SetConfig  stm32g4xx_hal_tim.o
    0x08004fce   0x00000038   Code   RO         2595    i.TIM_TI3_SetConfig  stm32g4xx_hal_tim.o
    0x08005006   0x0000003c   Code   RO         2596    i.TIM_TI4_SetConfig  stm32g4xx_hal_tim.o
    0x08005042   0x00000004   Code   RO          304    i.UsageFault_Handler  stm32g4xx_it.o
    0x08005046   0x00000030   Code   RO         4130    i.__ARM_fpclassify  m_wm.l(fpclassify.o)
    0x08005076   0x00000002   PAD
    0x08005078   0x00000010   Code   RO         2354    i.__NVIC_GetPriorityGrouping  stm32g4xx_hal_cortex.o
    0x08005088   0x00000028   Code   RO         2355    i.__NVIC_SetPriority  stm32g4xx_hal_cortex.o
    0x080050b0   0x0000000e   Code   RO         4009    i._is_digit         c_w.l(__printf_wp.o)
    0x080050be   0x00000002   PAD
    0x080050c0   0x00000344   Code   RO         3670    i.calculate         key.o
    0x08005404   0x0000005c   Code   RO         3671    i.get_adc           key.o
    0x08005460   0x00000230   Code   RO         3672    i.key_proc          key.o
    0x08005690   0x0000003c   Code   RO         3673    i.key_scan          key.o
    0x080056cc   0x00000330   Code   RO         3674    i.lcd_proc          key.o
    0x080059fc   0x00000084   Code   RO         3953    i.led_buling        led.o
    0x08005a80   0x00000038   Code   RO         3954    i.led_dsp           led.o
    0x08005ab8   0x00000068   Code   RO           15    i.main              main.o
    0x08005b20   0x0000002c   Code   RO         4126    locale$$code        c_w.l(lc_numeric_c.o)
    0x08005b4c   0x00000062   Code   RO         4029    x$fpl$d2f           fz_wm.l(d2f.o)
    0x08005bae   0x00000002   PAD
    0x08005bb0   0x00000150   Code   RO         4031    x$fpl$dadd          fz_wm.l(daddsub_clz.o)
    0x08005d00   0x000002b0   Code   RO         4038    x$fpl$ddiv          fz_wm.l(ddiv.o)
    0x08005fb0   0x0000002e   Code   RO         4042    x$fpl$dflt          fz_wm.l(dflt_clz.o)
    0x08005fde   0x00000026   Code   RO         4041    x$fpl$dfltu         fz_wm.l(dflt_clz.o)
    0x08006004   0x00000154   Code   RO         4047    x$fpl$dmul          fz_wm.l(dmul.o)
    0x08006158   0x0000009c   Code   RO         4065    x$fpl$dnaninf       fz_wm.l(dnaninf.o)
    0x080061f4   0x0000000c   Code   RO         4067    x$fpl$dretinf       fz_wm.l(dretinf.o)
    0x08006200   0x000001d4   Code   RO         4033    x$fpl$dsub          fz_wm.l(daddsub_clz.o)
    0x080063d4   0x00000056   Code   RO         4049    x$fpl$f2d           fz_wm.l(f2d.o)
    0x0800642a   0x0000008c   Code   RO         4069    x$fpl$fnaninf       fz_wm.l(fnaninf.o)
    0x080064b6   0x0000000a   Code   RO         4196    x$fpl$fpinit        fz_wm.l(fpinit.o)
    0x080064c0   0x0000000a   Code   RO         4071    x$fpl$fretinf       fz_wm.l(fretinf.o)
    0x080064ca   0x00000004   Code   RO         4051    x$fpl$printf1       fz_wm.l(printf1.o)
    0x080064ce   0x00000000   Code   RO         4073    x$fpl$usenofp       fz_wm.l(usenofp.o)
    0x080064ce   0x00000018   Data   RO         3634    .constdata          system_stm32g4xx.o
    0x080064e6   0x000011d0   Data   RO         3773    .constdata          lcd.o
    0x080076b6   0x00000002   PAD
    0x080076b8   0x00000094   Data   RO         4101    .constdata          c_w.l(bigflt0.o)
    0x0800774c   0x00000020   Data   RO         4271    Region$$Table       anon$$obj.o
    0x0800776c   0x0000001c   Data   RO         4125    locale$$data        c_w.l(lc_numeric_c.o)


    Execution Region RW_IRAM1 (Base: 0x20000000, Size: 0x000007e0, Max: 0x00008000, ABSOLUTE)

    Base Addr    Size         Type   Attr      Idx    E Section Name        Object

    0x20000000   0x0000000c   Data   RW          956    .data               stm32g4xx_hal.o
    0x2000000c   0x00000004   Data   RW         3635    .data               system_stm32g4xx.o
    0x20000010   0x00000058   Data   RW         3675    .data               key.o
    0x20000068   0x00000006   Data   RW         3774    .data               lcd.o
    0x2000006e   0x00000002   PAD
    0x20000070   0x0000000c   Data   RW         3955    .data               led.o
    0x2000007c   0x0000006c   Zero   RW          201    .bss                adc.o
    0x200000e8   0x00000098   Zero   RW          245    .bss                tim.o
    0x20000180   0x00000060   Zero   RW         4133    .bss                c_w.l(libspace.o)
    0x200001e0   0x00000200   Zero   RW            2    HEAP                startup_stm32g431xx.o
    0x200003e0   0x00000400   Zero   RW            1    STACK               startup_stm32g431xx.o


==============================================================================

Image component sizes


      Code (inc. data)   RO Data    RW Data    ZI Data      Debug   Object Name

       276         26          0          0        108       1721   adc.o
       272         18          0          0          0        991   gpio.o
      2532        546          0         88          0       7426   key.o
      2016         84       4560          6          0      10636   lcd.o
       188         32          0         12          0       1442   led.o
       214         10          0          0          0     637924   main.o
        64         26        472          0       1536        820   startup_stm32g431xx.o
       194         32          0         12          0       4161   stm32g4xx_hal.o
      2570        112          0          0          0      78679   stm32g4xx_hal_adc.o
       310         22          0          0          0      34179   stm32g4xx_hal_cortex.o
       486         32          0          0          0       2631   stm32g4xx_hal_gpio.o
        68          6          0          0          0        806   stm32g4xx_hal_msp.o
       300         18          0          0          0       1365   stm32g4xx_hal_pwr_ex.o
      2176         80          0          0          0       5404   stm32g4xx_hal_rcc.o
       880          8          0          0          0       1828   stm32g4xx_hal_rcc_ex.o
      4542        306          0          0          0      25102   stm32g4xx_hal_tim.o
       198         26          0          0          0       5344   stm32g4xx_hal_tim_ex.o
        66         12          0          0          0       4950   stm32g4xx_it.o
        20          6         24          4          0       1055   system_stm32g4xx.o
       620         30          0          0        152       3181   tim.o

    ----------------------------------------------------------------------
     18014       1432       5090        124       1796     829645   Object Totals
         0          0         32          0          0          0   (incl. Generated)
        22          0          2          2          0          0   (incl. Padding)

    ----------------------------------------------------------------------

      Code (inc. data)   RO Data    RW Data    ZI Data      Debug   Library Member Name

         8          0          0          0          0         68   __main.o
       284          0          0          0          0        156   __printf_wp.o
         0          0          0          0          0          0   __rtentry.o
        12          0          0          0          0          0   __rtentry2.o
         6          0          0          0          0          0   __rtentry4.o
        52          8          0          0          0          0   __scatter.o
        26          0          0          0          0          0   __scatter_copy.o
        28          0          0          0          0          0   __scatter_zi.o
         6          0          0          0          0          0   _printf_c.o
        44          0          0          0          0        108   _printf_char.o
        48          6          0          0          0         96   _printf_char_common.o
         6          0          0          0          0          0   _printf_d.o
       120         16          0          0          0         92   _printf_dec.o
         6          0          0          0          0          0   _printf_f.o
      1050          0          0          0          0        216   _printf_fp_dec.o
       128         16          0          0          0         84   _printf_fp_infnan.o
       178          0          0          0          0         88   _printf_intcommon.o
         0          0          0          0          0          0   _printf_percent.o
         4          0          0          0          0          0   _printf_percent_end.o
        82          0          0          0          0         80   _printf_str.o
        10          0          0          0          0         68   _sputc.o
       220          4        148          0          0         96   bigflt0.o
      1910        128          0          0          0        672   btod.o
        18          0          0          0          0         80   exit.o
         6          0          0          0          0        152   heapauxi.o
         0          0          0          0          0          0   indicate_semi.o
        44         10         28          0          0         76   lc_numeric_c.o
         2          0          0          0          0          0   libinit.o
        22          0          0          0          0          0   libinit2.o
         2          0          0          0          0          0   libshutdown.o
         2          0          0          0          0          0   libshutdown2.o
         8          4          0          0         96         68   libspace.o
       138          0          0          0          0         80   lludiv10.o
        40          6          0          0          0         84   noretval__2sprintf.o
         8          4          0          0          0         68   rt_locale_intlibspace.o
        78          0          0          0          0         80   rt_memclr_w.o
         2          0          0          0          0          0   rtexit.o
        10          0          0          0          0          0   rtexit2.o
       128          0          0          0          0         68   strcmpv7m.o
        12          4          0          0          0         68   sys_exit.o
        74          0          0          0          0         80   sys_stackheap_outer.o
         2          0          0          0          0         68   use_no_semi.o
        98          4          0          0          0        140   d2f.o
       804         16          0          0          0        368   daddsub_clz.o
       688        140          0          0          0        256   ddiv.o
        84          0          0          0          0        232   dflt_clz.o
       340         12          0          0          0        152   dmul.o
       156          4          0          0          0        140   dnaninf.o
        12          0          0          0          0        116   dretinf.o
        86          4          0          0          0        132   f2d.o
       140          4          0          0          0        132   fnaninf.o
        10          0          0          0          0        116   fpinit.o
        10          0          0          0          0        116   fretinf.o
         4          0          0          0          0        116   printf1.o
         0          0          0          0          0          0   usenofp.o
        48          0          0          0          0        124   fpclassify.o

    ----------------------------------------------------------------------
      7320        390        176          0         96       4936   Library Totals
        16          0          0          0          0          0   (incl. Padding)

    ----------------------------------------------------------------------

      Code (inc. data)   RO Data    RW Data    ZI Data      Debug   Library Name

      4824        206        176          0         96       2796   c_w.l
      2432        184          0          0          0       2016   fz_wm.l
        48          0          0          0          0        124   m_wm.l

    ----------------------------------------------------------------------
      7320        390        176          0         96       4936   Library Totals

    ----------------------------------------------------------------------

==============================================================================


      Code (inc. data)   RO Data    RW Data    ZI Data      Debug   

     25334       1822       5266        124       1892     819473   Grand Totals
     25334       1822       5266        124       1892     819473   ELF Image Totals
     25334       1822       5266        124          0          0   ROM Totals

==============================================================================

    Total RO  Size (Code + RO Data)                30600 (  29.88kB)
    Total RW  Size (RW Data + ZI Data)              2016 (   1.97kB)
    Total ROM Size (Code + RO Data + RW Data)      30724 (  30.00kB)

==============================================================================

